loaded c-channel (988, 128, 128)  (65 MB)

n-width, original frame: {'0.9': 3, '0.99': 11, '0.999': 31, '0.9999': 65}
reference  fixed frame 0.0510 | best single warp 0.0612

==========================================================================
LEVEL PAIR  c = 0.1 -> 0.9
==========================================================================
   transition width span: min 0.00653  median 0.3110  max 0.9924
   interpolation floor (oracle warp + oracle shape): 0.003273
   n-width here: {'0.9': 2, '0.99': 5, '0.999': 17, '0.9999': 64}
   original    : {'0.9': 3, '0.99': 11, '0.999': 31, '0.9999': 65}
   -> rank for 99.9 %: 17 vs 31  (BETTER)
   warp R² on novel materials: t_lo +0.811  t_hi +0.919
       p   oracle warp   pred warp   (novel materials)
       8       0.02053     0.05153
      16       0.02032     0.05142
      32       0.02034     0.05141
      64       0.02047     0.05135
     128       0.02027     0.05142

==========================================================================
LEVEL PAIR  c = 0.05 -> 0.95
==========================================================================
   transition width span: min 0.00735  median 0.3485  max 0.9994
   interpolation floor (oracle warp + oracle shape): 0.001931
   n-width here: {'0.9': 2, '0.99': 4, '0.999': 13, '0.9999': 52}
   original    : {'0.9': 3, '0.99': 11, '0.999': 31, '0.9999': 65}
   -> rank for 99.9 %: 13 vs 31  (BETTER)
   warp R² on novel materials: t_lo +0.895  t_hi +0.911
       p   oracle warp   pred warp   (novel materials)
       8       0.02327     0.05197
      16       0.02351     0.05204
      32       0.02334     0.05194
      64       0.02329     0.05179
     128       0.02335     0.05190

==========================================================================
LEVEL PAIR  c = 0.2 -> 0.8
==========================================================================
   transition width span: min 0.00490  median 0.2247  max 0.9837
   interpolation floor (oracle warp + oracle shape): 0.014923
   WARNING: floor >10 % of the reference — result contaminated
   n-width here: {'0.9': 3, '0.99': 11, '0.999': 45, '0.9999': 129}
   original    : {'0.9': 3, '0.99': 11, '0.999': 31, '0.9999': 65}
   -> rank for 99.9 %: 45 vs 31  (WORSE OR EQUAL)
   warp R² on novel materials: t_lo +0.763  t_hi +0.918
       p   oracle warp   pred warp   (novel materials)
       8       0.02913     0.05883
      16       0.02905     0.05888
      32       0.02897     0.05891
      64       0.02898     0.05887
     128       0.02898     0.05889

==========================================================================
VERDICT
==========================================================================
   best two-wave warp: 0.0513  (levels 0.10-0.90, p = 64)
   best single warp  : 0.0612
   fixed frame (L5)  : 0.0510
   two-wave vs fixed frame: 0.99x — WORSE OR EQUAL

wrote results/comoving2.json  [900s]
