loaded 988 samples from data/parametric
  fields (988, 3, 512, 256)  params (988, 11)
  splits {'train': 691, 'novel_condition': 96, 'novel_material': 201}
  materials: 60 (12 held out)

POD (64 modes/channel, train split only) — identical to L1:
  c: 64 modes capture 99.9881% of variance | modes for 90/99/99.9%: 3/11/32
  q: 64 modes capture 99.9899% of variance | modes for 90/99/99.9%: 2/8/27
  T: 64 modes capture 99.9822% of variance | modes for 90/99/99.9%: 3/13/36
POD floor (novel-material): 1.4554e-03

25 configurations x 3 seeds

  mlp_width  w16     seed 42: train=0.0735  novel=0.0773  [9s]
  mlp_width  w16     seed 43: train=0.0644  novel=0.0683  [10s]
  mlp_width  w16     seed 44: train=0.0603  novel=0.0609  [10s]
  mlp_width  w32     seed 42: train=0.0645  novel=0.0707  [9s]
  mlp_width  w32     seed 43: train=0.0680  novel=0.0704  [9s]
  mlp_width  w32     seed 44: train=0.0551  novel=0.0574  [10s]
  mlp_width  w64     seed 42: train=0.0529  novel=0.0623  [10s]
  mlp_width  w64     seed 43: train=0.0537  novel=0.0570  [10s]
  mlp_width  w64     seed 44: train=0.0485  novel=0.0604  [12s]
  mlp_width  w128    seed 42: train=0.0546  novel=0.0579  [9s]
  mlp_width  w128    seed 43: train=0.0572  novel=0.0611  [10s]
  mlp_width  w128    seed 44: train=0.0465  novel=0.0566  [10s]
  mlp_width  w256    seed 42: train=0.0524  novel=0.0592  [11s]
  mlp_width  w256    seed 43: train=0.0469  novel=0.0585  [13s]
  mlp_width  w256    seed 44: train=0.0447  novel=0.0582  [12s]
  mlp_width  w512    seed 42: train=0.0565  novel=0.0607  [21s]
  mlp_width  w512    seed 43: train=0.0549  novel=0.0588  [16s]
  mlp_width  w512    seed 44: train=0.0633  novel=0.0688  [16s]
  mlp_width  w1024   seed 42: train=0.0533  novel=0.0593  [39s]
  mlp_width  w1024   seed 43: train=0.0418  novel=0.0600  [41s]
  mlp_width  w1024   seed 44: train=0.0246  novel=0.0590  [60s]
  mlp_depth  d1      seed 42: train=0.0555  novel=0.0602  [10s]
  mlp_depth  d1      seed 43: train=0.0590  novel=0.0616  [9s]
  mlp_depth  d1      seed 44: train=0.0539  novel=0.0596  [10s]
  mlp_depth  d2      seed 42: train=0.0387  novel=0.0615  [14s]
  mlp_depth  d2      seed 43: train=0.0433  novel=0.0619  [12s]
  mlp_depth  d2      seed 44: train=0.0539  novel=0.0590  [12s]
  mlp_depth  d3      seed 42: train=0.0524  novel=0.0592  [16s]
  mlp_depth  d3      seed 43: train=0.0469  novel=0.0585  [12s]
  mlp_depth  d3      seed 44: train=0.0447  novel=0.0582  [12s]
  mlp_depth  d4      seed 42: train=0.0471  novel=0.0558  [17s]
  mlp_depth  d4      seed 43: train=0.0636  novel=0.0695  [11s]
  mlp_depth  d4      seed 44: train=0.0536  novel=0.0602  [14s]
  mlp_depth  d5      seed 42: train=0.0515  novel=0.0564  [19s]
  mlp_depth  d5      seed 43: train=0.0456  novel=0.0575  [17s]
  mlp_depth  d5      seed 44: train=0.0377  novel=0.0567  [17s]
  xgb_depth  md2     seed 42: train=0.0448  novel=0.0586  [10s]
  xgb_depth  md2     seed 43: train=0.0448  novel=0.0557  [10s]
  xgb_depth  md2     seed 44: train=0.0452  novel=0.0566  [9s]
  xgb_depth  md3     seed 42: train=0.0325  novel=0.0504  [17s]
  xgb_depth  md3     seed 43: train=0.0326  novel=0.0507  [18s]
  xgb_depth  md3     seed 44: train=0.0328  novel=0.0522  [15s]
  xgb_depth  md4     seed 42: train=0.0218  novel=0.0505  [18s]
  xgb_depth  md4     seed 43: train=0.0221  novel=0.0500  [19s]
  xgb_depth  md4     seed 44: train=0.0222  novel=0.0502  [18s]
  xgb_depth  md5     seed 42: train=0.0125  novel=0.0489  [26s]
  xgb_depth  md5     seed 43: train=0.0127  novel=0.0473  [25s]
  xgb_depth  md5     seed 44: train=0.0126  novel=0.0492  [25s]
  xgb_depth  md6     seed 42: train=0.0065  novel=0.0495  [41s]
  xgb_depth  md6     seed 43: train=0.0064  novel=0.0458  [40s]
  xgb_depth  md6     seed 44: train=0.0065  novel=0.0526  [39s]
  xgb_depth  md8     seed 42: train=0.0016  novel=0.0526  [108s]
  xgb_depth  md8     seed 43: train=0.0016  novel=0.0485  [110s]
  xgb_depth  md8     seed 44: train=0.0016  novel=0.0556  [111s]
  xgb_depth  md10    seed 42: train=0.0011  novel=0.0563  [294s]
  xgb_depth  md10    seed 43: train=0.0011  novel=0.0502  [299s]
  xgb_depth  md10    seed 44: train=0.0011  novel=0.0571  [314s]
  rf_leaf    leaf1   seed 42: train=0.0109  novel=0.0483  [13s]
  rf_leaf    leaf1   seed 43: train=0.0108  novel=0.0480  [12s]
  rf_leaf    leaf1   seed 44: train=0.0108  novel=0.0477  [12s]
  rf_leaf    leaf2   seed 42: train=0.0196  novel=0.0492  [11s]
  rf_leaf    leaf2   seed 43: train=0.0195  novel=0.0489  [10s]
  rf_leaf    leaf2   seed 44: train=0.0197  novel=0.0482  [11s]
  rf_leaf    leaf4   seed 42: train=0.0302  novel=0.0520  [10s]
  rf_leaf    leaf4   seed 43: train=0.0302  novel=0.0524  [10s]
  rf_leaf    leaf4   seed 44: train=0.0301  novel=0.0517  [11s]
  rf_leaf    leaf8   seed 42: train=0.0412  novel=0.0587  [10s]
  rf_leaf    leaf8   seed 43: train=0.0412  novel=0.0583  [10s]
  rf_leaf    leaf8   seed 44: train=0.0413  novel=0.0581  [10s]
  rf_leaf    leaf16  seed 42: train=0.0542  novel=0.0687  [11s]
  rf_leaf    leaf16  seed 43: train=0.0539  novel=0.0681  [13s]
  rf_leaf    leaf16  seed 44: train=0.0540  novel=0.0685  [10s]
  rf_leaf    leaf32  seed 42: train=0.0724  novel=0.0864  [10s]
  rf_leaf    leaf32  seed 43: train=0.0723  novel=0.0862  [9s]
  rf_leaf    leaf32  seed 44: train=0.0721  novel=0.0862  [9s]

wrote results/l2_results.json  [2331s]
