loaded 3947 samples from data/parametric_v2
  fields (3947, 3, 128, 128)  params (3947, 11)
  splits {'train': 2770, 'novel_condition': 384, 'novel_material': 793}
  materials: 240 (48 held out)
  design: v2  params: ['q_max', 'delta_H', 'step_rh', 'isotherm_n', 'henry_fraction', 'd_p', 'rho_p', 'eps_t', 'rh_feed', 'v', 'T_in']
  fields subsampled to 128x128 on load (0.78 GB resident)

28 configurations x 3 seeds x 5 folds

--- POD for fold 0: 3150 train / 797 held-out ---
  c: 64 modes capture 99.9987% of variance | modes for 90/99/99.9%: 2/7/18
  q: 64 modes capture 99.9992% of variance | modes for 90/99/99.9%: 2/5/14
  T: 64 modes capture 99.9982% of variance | modes for 90/99/99.9%: 2/8/20
  POD floor held-out c=2.5732e-04

--- POD for fold 1: 3166 train / 781 held-out ---
  c: 64 modes capture 99.9986% of variance | modes for 90/99/99.9%: 2/7/18
  q: 64 modes capture 99.9992% of variance | modes for 90/99/99.9%: 2/5/14
  T: 64 modes capture 99.9983% of variance | modes for 90/99/99.9%: 2/8/19
  POD floor held-out c=2.7103e-04

--- POD for fold 2: 3153 train / 794 held-out ---
  c: 64 modes capture 99.9989% of variance | modes for 90/99/99.9%: 2/7/17
  q: 64 modes capture 99.9993% of variance | modes for 90/99/99.9%: 2/5/14
  T: 64 modes capture 99.9986% of variance | modes for 90/99/99.9%: 2/8/19
  POD floor held-out c=3.0091e-04

--- POD for fold 3: 3161 train / 786 held-out ---
  c: 64 modes capture 99.9987% of variance | modes for 90/99/99.9%: 2/7/18
  q: 64 modes capture 99.9993% of variance | modes for 90/99/99.9%: 2/5/14
  T: 64 modes capture 99.9984% of variance | modes for 90/99/99.9%: 2/8/19
  POD floor held-out c=2.9733e-04

--- POD for fold 4: 3158 train / 789 held-out ---
  c: 64 modes capture 99.9987% of variance | modes for 90/99/99.9%: 2/7/18
  q: 64 modes capture 99.9992% of variance | modes for 90/99/99.9%: 2/5/14
  T: 64 modes capture 99.9983% of variance | modes for 90/99/99.9%: 2/8/19
  POD floor held-out c=2.7207e-04
  mlp_width  w16     fold 0 seed 42: train=0.0441  held-out=0.0426  [5s]
  mlp_width  w16     fold 0 seed 43: train=0.0456  held-out=0.0469  [5s]
  mlp_width  w16     fold 0 seed 44: train=0.0416  held-out=0.0406  [4s]
  mlp_width  w16     fold 1 seed 42: train=0.0462  held-out=0.0464  [6s]
  mlp_width  w16     fold 1 seed 43: train=0.0435  held-out=0.0440  [4s]
  mlp_width  w16     fold 1 seed 44: train=0.0418  held-out=0.0421  [7s]
  mlp_width  w16     fold 2 seed 42: train=0.0399  held-out=0.0422  [5s]
  mlp_width  w16     fold 2 seed 43: train=0.0430  held-out=0.0452  [4s]
  mlp_width  w16     fold 2 seed 44: train=0.0436  held-out=0.0455  [7s]
  mlp_width  w16     fold 3 seed 42: train=0.0442  held-out=0.0469  [5s]
  mlp_width  w16     fold 3 seed 43: train=0.0438  held-out=0.0455  [8s]
  mlp_width  w16     fold 3 seed 44: train=0.0397  held-out=0.0416  [7s]
  mlp_width  w16     fold 4 seed 42: train=0.0430  held-out=0.0432  [7s]
  mlp_width  w16     fold 4 seed 43: train=0.0396  held-out=0.0402  [7s]
  mlp_width  w16     fold 4 seed 44: train=0.0469  held-out=0.0456  [5s]
  mlp_width  w32     fold 0 seed 42: train=0.0277  held-out=0.0291  [9s]
  mlp_width  w32     fold 0 seed 43: train=0.0370  held-out=0.0400  [8s]
  mlp_width  w32     fold 0 seed 44: train=0.0322  held-out=0.0325  [8s]
  mlp_width  w32     fold 1 seed 42: train=0.0318  held-out=0.0344  [8s]
  mlp_width  w32     fold 1 seed 43: train=0.0328  held-out=0.0357  [8s]
  mlp_width  w32     fold 1 seed 44: train=0.0290  held-out=0.0308  [9s]
  mlp_width  w32     fold 2 seed 42: train=0.0319  held-out=0.0355  [7s]
  mlp_width  w32     fold 2 seed 43: train=0.0344  held-out=0.0380  [6s]
  mlp_width  w32     fold 2 seed 44: train=0.0319  held-out=0.0349  [6s]
  mlp_width  w32     fold 3 seed 42: train=0.0329  held-out=0.0358  [8s]
  mlp_width  w32     fold 3 seed 43: train=0.0310  held-out=0.0335  [11s]
  mlp_width  w32     fold 3 seed 44: train=0.0343  held-out=0.0369  [6s]
  mlp_width  w32     fold 4 seed 42: train=0.0391  held-out=0.0391  [6s]
  mlp_width  w32     fold 4 seed 43: train=0.0346  held-out=0.0352  [9s]
  mlp_width  w32     fold 4 seed 44: train=0.0354  held-out=0.0361  [7s]
  mlp_width  w64     fold 0 seed 42: train=0.0290  held-out=0.0325  [10s]
  mlp_width  w64     fold 0 seed 43: train=0.0263  held-out=0.0280  [14s]
  mlp_width  w64     fold 0 seed 44: train=0.0262  held-out=0.0294  [12s]
  mlp_width  w64     fold 1 seed 42: train=0.0262  held-out=0.0319  [11s]
  mlp_width  w64     fold 1 seed 43: train=0.0239  held-out=0.0289  [15s]
  mlp_width  w64     fold 1 seed 44: train=0.0248  held-out=0.0293  [10s]
  mlp_width  w64     fold 2 seed 42: train=0.0256  held-out=0.0298  [13s]
  mlp_width  w64     fold 2 seed 43: train=0.0266  held-out=0.0302  [9s]
  mlp_width  w64     fold 2 seed 44: train=0.0240  held-out=0.0291  [12s]
  mlp_width  w64     fold 3 seed 42: train=0.0253  held-out=0.0284  [14s]
  mlp_width  w64     fold 3 seed 43: train=0.0253  held-out=0.0301  [14s]
  mlp_width  w64     fold 3 seed 44: train=0.0241  held-out=0.0291  [10s]
  mlp_width  w64     fold 4 seed 42: train=0.0302  held-out=0.0318  [12s]
  mlp_width  w64     fold 4 seed 43: train=0.0296  held-out=0.0313  [11s]
  mlp_width  w64     fold 4 seed 44: train=0.0234  held-out=0.0267  [14s]
  mlp_width  w128    fold 0 seed 42: train=0.0248  held-out=0.0285  [9s]
  mlp_width  w128    fold 0 seed 43: train=0.0259  held-out=0.0292  [9s]
  mlp_width  w128    fold 0 seed 44: train=0.0266  held-out=0.0288  [9s]
  mlp_width  w128    fold 1 seed 42: train=0.0273  held-out=0.0330  [8s]
  mlp_width  w128    fold 1 seed 43: train=0.0236  held-out=0.0301  [12s]
  mlp_width  w128    fold 1 seed 44: train=0.0248  held-out=0.0303  [9s]
  mlp_width  w128    fold 2 seed 42: train=0.0239  held-out=0.0284  [10s]
  mlp_width  w128    fold 2 seed 43: train=0.0291  held-out=0.0342  [8s]
  mlp_width  w128    fold 2 seed 44: train=0.0277  held-out=0.0307  [9s]
  mlp_width  w128    fold 3 seed 42: train=0.0234  held-out=0.0304  [10s]
  mlp_width  w128    fold 3 seed 43: train=0.0237  held-out=0.0308  [11s]
  mlp_width  w128    fold 3 seed 44: train=0.0287  held-out=0.0340  [7s]
  mlp_width  w128    fold 4 seed 42: train=0.0247  held-out=0.0283  [10s]
  mlp_width  w128    fold 4 seed 43: train=0.0245  held-out=0.0288  [11s]
  mlp_width  w128    fold 4 seed 44: train=0.0289  held-out=0.0315  [8s]
  mlp_width  w256    fold 0 seed 42: train=0.0246  held-out=0.0307  [15s]
  mlp_width  w256    fold 0 seed 43: train=0.0229  held-out=0.0292  [14s]
  mlp_width  w256    fold 0 seed 44: train=0.0291  held-out=0.0331  [12s]
  mlp_width  w256    fold 1 seed 42: train=0.0213  held-out=0.0287  [16s]
  mlp_width  w256    fold 1 seed 43: train=0.0224  held-out=0.0303  [15s]
  mlp_width  w256    fold 1 seed 44: train=0.0212  held-out=0.0290  [20s]
  mlp_width  w256    fold 2 seed 42: train=0.0271  held-out=0.0326  [15s]
  mlp_width  w256    fold 2 seed 43: train=0.0218  held-out=0.0286  [20s]
  mlp_width  w256    fold 2 seed 44: train=0.0281  held-out=0.0334  [12s]
  mlp_width  w256    fold 3 seed 42: train=0.0240  held-out=0.0323  [14s]
  mlp_width  w256    fold 3 seed 43: train=0.0238  held-out=0.0309  [16s]
  mlp_width  w256    fold 3 seed 44: train=0.0260  held-out=0.0329  [13s]
  mlp_width  w256    fold 4 seed 42: train=0.0225  held-out=0.0281  [15s]
  mlp_width  w256    fold 4 seed 43: train=0.0245  held-out=0.0283  [14s]
  mlp_width  w256    fold 4 seed 44: train=0.0262  held-out=0.0309  [14s]
  mlp_width  w512    fold 0 seed 42: train=0.0253  held-out=0.0300  [32s]
  mlp_width  w512    fold 0 seed 43: train=0.0252  held-out=0.0303  [36s]
  mlp_width  w512    fold 0 seed 44: train=0.0243  held-out=0.0302  [34s]
  mlp_width  w512    fold 1 seed 42: train=0.0251  held-out=0.0325  [33s]
  mlp_width  w512    fold 1 seed 43: train=0.0278  held-out=0.0345  [29s]
  mlp_width  w512    fold 1 seed 44: train=0.0236  held-out=0.0304  [32s]
  mlp_width  w512    fold 2 seed 42: train=0.0247  held-out=0.0309  [34s]
  mlp_width  w512    fold 2 seed 43: train=0.0232  held-out=0.0303  [39s]
  mlp_width  w512    fold 2 seed 44: train=0.0278  held-out=0.0332  [31s]
  mlp_width  w512    fold 3 seed 42: train=0.0216  held-out=0.0293  [37s]
  mlp_width  w512    fold 3 seed 43: train=0.0237  held-out=0.0314  [35s]
  mlp_width  w512    fold 3 seed 44: train=0.0246  held-out=0.0324  [34s]
  mlp_width  w512    fold 4 seed 42: train=0.0271  held-out=0.0301  [34s]
  mlp_width  w512    fold 4 seed 43: train=0.0253  held-out=0.0298  [33s]
  mlp_width  w512    fold 4 seed 44: train=0.0275  held-out=0.0318  [33s]
  mlp_width  w1024   fold 0 seed 42: train=0.0254  held-out=0.0299  [91s]
  mlp_width  w1024   fold 0 seed 43: train=0.0253  held-out=0.0305  [96s]
  mlp_width  w1024   fold 0 seed 44: train=0.0217  held-out=0.0289  [117s]
  mlp_width  w1024   fold 1 seed 42: train=0.0262  held-out=0.0330  [88s]
  mlp_width  w1024   fold 1 seed 43: train=0.0216  held-out=0.0294  [102s]
  mlp_width  w1024   fold 1 seed 44: train=0.0262  held-out=0.0332  [90s]
  mlp_width  w1024   fold 2 seed 42: train=0.0240  held-out=0.0302  [99s]
  mlp_width  w1024   fold 2 seed 43: train=0.0210  held-out=0.0292  [107s]
  mlp_width  w1024   fold 2 seed 44: train=0.0224  held-out=0.0295  [98s]
  mlp_width  w1024   fold 3 seed 42: train=0.0289  held-out=0.0359  [80s]
  mlp_width  w1024   fold 3 seed 43: train=0.0236  held-out=0.0315  [92s]
  mlp_width  w1024   fold 3 seed 44: train=0.0217  held-out=0.0302  [107s]
  mlp_width  w1024   fold 4 seed 42: train=0.0234  held-out=0.0284  [104s]
  mlp_width  w1024   fold 4 seed 43: train=0.0297  held-out=0.0322  [83s]
  mlp_width  w1024   fold 4 seed 44: train=0.0256  held-out=0.0293  [91s]
  mlp_depth  d1      fold 0 seed 42: train=0.0280  held-out=0.0320  [19s]
  mlp_depth  d1      fold 0 seed 43: train=0.0301  held-out=0.0328  [14s]
  mlp_depth  d1      fold 0 seed 44: train=0.0306  held-out=0.0343  [14s]
  mlp_depth  d1      fold 1 seed 42: train=0.0276  held-out=0.0343  [19s]
  mlp_depth  d1      fold 1 seed 43: train=0.0282  held-out=0.0333  [15s]
  mlp_depth  d1      fold 1 seed 44: train=0.0273  held-out=0.0330  [17s]
  mlp_depth  d1      fold 2 seed 42: train=0.0284  held-out=0.0341  [21s]
  mlp_depth  d1      fold 2 seed 43: train=0.0280  held-out=0.0322  [17s]
  mlp_depth  d1      fold 2 seed 44: train=0.0295  held-out=0.0341  [18s]
  mlp_depth  d1      fold 3 seed 42: train=0.0268  held-out=0.0334  [20s]
  mlp_depth  d1      fold 3 seed 43: train=0.0266  held-out=0.0325  [18s]
  mlp_depth  d1      fold 3 seed 44: train=0.0276  held-out=0.0330  [18s]
  mlp_depth  d1      fold 4 seed 42: train=0.0295  held-out=0.0318  [18s]
  mlp_depth  d1      fold 4 seed 43: train=0.0315  held-out=0.0337  [13s]
  mlp_depth  d1      fold 4 seed 44: train=0.0313  held-out=0.0336  [16s]
  mlp_depth  d2      fold 0 seed 42: train=0.0265  held-out=0.0308  [12s]
  mlp_depth  d2      fold 0 seed 43: train=0.0286  held-out=0.0337  [11s]
  mlp_depth  d2      fold 0 seed 44: train=0.0269  held-out=0.0318  [12s]
  mlp_depth  d2      fold 1 seed 42: train=0.0258  held-out=0.0334  [13s]
  mlp_depth  d2      fold 1 seed 43: train=0.0302  held-out=0.0361  [10s]
  mlp_depth  d2      fold 1 seed 44: train=0.0278  held-out=0.0349  [11s]
  mlp_depth  d2      fold 2 seed 42: train=0.0302  held-out=0.0355  [10s]
  mlp_depth  d2      fold 2 seed 43: train=0.0261  held-out=0.0332  [11s]
  mlp_depth  d2      fold 2 seed 44: train=0.0274  held-out=0.0348  [12s]
  mlp_depth  d2      fold 3 seed 42: train=0.0245  held-out=0.0333  [13s]
  mlp_depth  d2      fold 3 seed 43: train=0.0268  held-out=0.0330  [11s]
  mlp_depth  d2      fold 3 seed 44: train=0.0282  held-out=0.0338  [10s]
  mlp_depth  d2      fold 4 seed 42: train=0.0323  held-out=0.0344  [10s]
  mlp_depth  d2      fold 4 seed 43: train=0.0286  held-out=0.0324  [11s]
  mlp_depth  d2      fold 4 seed 44: train=0.0281  held-out=0.0320  [12s]
  mlp_depth  d3      fold 0 seed 42: train=0.0246  held-out=0.0307  [16s]
  mlp_depth  d3      fold 0 seed 43: train=0.0229  held-out=0.0292  [17s]
  mlp_depth  d3      fold 0 seed 44: train=0.0291  held-out=0.0331  [14s]
  mlp_depth  d3      fold 1 seed 42: train=0.0213  held-out=0.0287  [17s]
  mlp_depth  d3      fold 1 seed 43: train=0.0224  held-out=0.0303  [16s]
  mlp_depth  d3      fold 1 seed 44: train=0.0212  held-out=0.0290  [17s]
  mlp_depth  d3      fold 2 seed 42: train=0.0271  held-out=0.0326  [12s]
  mlp_depth  d3      fold 2 seed 43: train=0.0218  held-out=0.0286  [17s]
  mlp_depth  d3      fold 2 seed 44: train=0.0281  held-out=0.0334  [13s]
  mlp_depth  d3      fold 3 seed 42: train=0.0240  held-out=0.0323  [14s]
  mlp_depth  d3      fold 3 seed 43: train=0.0238  held-out=0.0309  [40s]
  mlp_depth  d3      fold 3 seed 44: train=0.0260  held-out=0.0329  [28s]
  mlp_depth  d3      fold 4 seed 42: train=0.0225  held-out=0.0281  [19s]
  mlp_depth  d3      fold 4 seed 43: train=0.0245  held-out=0.0283  [15s]
  mlp_depth  d3      fold 4 seed 44: train=0.0262  held-out=0.0309  [14s]
  mlp_depth  d4      fold 0 seed 42: train=0.0241  held-out=0.0284  [18s]
  mlp_depth  d4      fold 0 seed 43: train=0.0223  held-out=0.0274  [19s]
  mlp_depth  d4      fold 0 seed 44: train=0.0216  held-out=0.0267  [19s]
  mlp_depth  d4      fold 1 seed 42: train=0.0242  held-out=0.0296  [17s]
  mlp_depth  d4      fold 1 seed 43: train=0.0196  held-out=0.0266  [20s]
  mlp_depth  d4      fold 1 seed 44: train=0.0151  held-out=0.0255  [35s]
  mlp_depth  d4      fold 2 seed 42: train=0.0252  held-out=0.0324  [16s]
  mlp_depth  d4      fold 2 seed 43: train=0.0227  held-out=0.0299  [19s]
  mlp_depth  d4      fold 2 seed 44: train=0.0229  held-out=0.0283  [17s]
  mlp_depth  d4      fold 3 seed 42: train=0.0252  held-out=0.0312  [16s]
  mlp_depth  d4      fold 3 seed 43: train=0.0222  held-out=0.0282  [17s]
  mlp_depth  d4      fold 3 seed 44: train=0.0170  held-out=0.0268  [34s]
  mlp_depth  d4      fold 4 seed 42: train=0.0212  held-out=0.0271  [20s]
  mlp_depth  d4      fold 4 seed 43: train=0.0227  held-out=0.0257  [18s]
  mlp_depth  d4      fold 4 seed 44: train=0.0266  held-out=0.0296  [16s]
  mlp_depth  d5      fold 0 seed 42: train=0.0186  held-out=0.0241  [26s]
  mlp_depth  d5      fold 0 seed 43: train=0.0179  held-out=0.0238  [26s]
  mlp_depth  d5      fold 0 seed 44: train=0.0266  held-out=0.0295  [20s]
  mlp_depth  d5      fold 1 seed 42: train=0.0272  held-out=0.0315  [20s]
  mlp_depth  d5      fold 1 seed 43: train=0.0162  held-out=0.0242  [32s]
  mlp_depth  d5      fold 1 seed 44: train=0.0205  held-out=0.0261  [21s]
  mlp_depth  d5      fold 2 seed 42: train=0.0245  held-out=0.0304  [18s]
  mlp_depth  d5      fold 2 seed 43: train=0.0227  held-out=0.0296  [23s]
  mlp_depth  d5      fold 2 seed 44: train=0.0226  held-out=0.0278  [19s]
  mlp_depth  d5      fold 3 seed 42: train=0.0153  held-out=0.0225  [35s]
  mlp_depth  d5      fold 3 seed 43: train=0.0192  held-out=0.0243  [22s]
  mlp_depth  d5      fold 3 seed 44: train=0.0225  held-out=0.0286  [17s]
  mlp_depth  d5      fold 4 seed 42: train=0.0210  held-out=0.0258  [20s]
  mlp_depth  d5      fold 4 seed 43: train=0.0235  held-out=0.0272  [18s]
  mlp_depth  d5      fold 4 seed 44: train=0.0259  held-out=0.0289  [18s]
  mlp_depth  d6      fold 0 seed 42: train=0.0228  held-out=0.0263  [22s]
  mlp_depth  d6      fold 0 seed 43: train=0.0104  held-out=0.0186  [89s]
  mlp_depth  d6      fold 0 seed 44: train=0.0243  held-out=0.0261  [22s]
  mlp_depth  d6      fold 1 seed 42: train=0.0105  held-out=0.0206  [83s]
  mlp_depth  d6      fold 1 seed 43: train=0.0195  held-out=0.0254  [30s]
  mlp_depth  d6      fold 1 seed 44: train=0.0214  held-out=0.0268  [27s]
  mlp_depth  d6      fold 2 seed 42: train=0.0251  held-out=0.0297  [20s]
  mlp_depth  d6      fold 2 seed 43: train=0.0178  held-out=0.0248  [30s]
  mlp_depth  d6      fold 2 seed 44: train=0.0202  held-out=0.0270  [25s]
  mlp_depth  d6      fold 3 seed 42: train=0.0125  held-out=0.0208  [54s]
  mlp_depth  d6      fold 3 seed 43: train=0.0130  held-out=0.0214  [48s]
  mlp_depth  d6      fold 3 seed 44: train=0.0175  held-out=0.0245  [32s]
  mlp_depth  d6      fold 4 seed 42: train=0.0220  held-out=0.0275  [25s]
  mlp_depth  d6      fold 4 seed 43: train=0.0226  held-out=0.0263  [22s]
  mlp_depth  d6      fold 4 seed 44: train=0.0197  held-out=0.0254  [28s]
  mlp_depth  d8      fold 0 seed 42: train=0.0208  held-out=0.0252  [37s]
  mlp_depth  d8      fold 0 seed 43: train=0.0181  held-out=0.0240  [35s]
  mlp_depth  d8      fold 0 seed 44: train=0.0156  held-out=0.0214  [54s]
  mlp_depth  d8      fold 1 seed 42: train=0.0180  held-out=0.0251  [48s]
  mlp_depth  d8      fold 1 seed 43: train=0.0187  held-out=0.0252  [39s]
  mlp_depth  d8      fold 1 seed 44: train=0.0132  held-out=0.0216  [58s]
  mlp_depth  d8      fold 2 seed 42: train=0.0202  held-out=0.0269  [36s]
  mlp_depth  d8      fold 2 seed 43: train=0.0171  held-out=0.0236  [42s]
  mlp_depth  d8      fold 2 seed 44: train=0.0225  held-out=0.0286  [27s]
  mlp_depth  d8      fold 3 seed 42: train=0.0136  held-out=0.0216  [66s]
  mlp_depth  d8      fold 3 seed 43: train=0.0106  held-out=0.0191  [108s]
  mlp_depth  d8      fold 3 seed 44: train=0.0188  held-out=0.0246  [35s]
  mlp_depth  d8      fold 4 seed 42: train=0.0206  held-out=0.0254  [35s]
  mlp_depth  d8      fold 4 seed 43: train=0.0223  held-out=0.0285  [35s]
  mlp_depth  d8      fold 4 seed 44: train=0.0127  held-out=0.0206  [79s]
  mlp_depth  d10     fold 0 seed 42: train=0.0195  held-out=0.0238  [41s]
  mlp_depth  d10     fold 0 seed 43: train=0.0225  held-out=0.0262  [39s]
  mlp_depth  d10     fold 0 seed 44: train=0.0205  held-out=0.0245  [41s]
  mlp_depth  d10     fold 1 seed 42: train=0.0144  held-out=0.0218  [76s]
  mlp_depth  d10     fold 1 seed 43: train=0.0160  held-out=0.0239  [58s]
  mlp_depth  d10     fold 1 seed 44: train=0.0147  held-out=0.0238  [81s]
  mlp_depth  d10     fold 2 seed 42: train=0.0251  held-out=0.0296  [33s]
  mlp_depth  d10     fold 2 seed 43: train=0.0226  held-out=0.0273  [41s]
  mlp_depth  d10     fold 2 seed 44: train=0.0144  held-out=0.0232  [68s]
  mlp_depth  d10     fold 3 seed 42: train=0.0181  held-out=0.0246  [58s]
  mlp_depth  d10     fold 3 seed 43: train=0.0170  held-out=0.0242  [67s]
  mlp_depth  d10     fold 3 seed 44: train=0.0184  held-out=0.0256  [58s]
  mlp_depth  d10     fold 4 seed 42: train=0.0144  held-out=0.0224  [72s]
  mlp_depth  d10     fold 4 seed 43: train=0.0254  held-out=0.0292  [37s]
  mlp_depth  d10     fold 4 seed 44: train=0.0131  held-out=0.0205  [92s]
  rf_leaf    leaf1   fold 0 seed 42: train=0.0099  held-out=0.0397  [10s]
  rf_leaf    leaf1   fold 0 seed 43: train=0.0099  held-out=0.0399  [10s]
  rf_leaf    leaf1   fold 0 seed 44: train=0.0099  held-out=0.0395  [10s]
  rf_leaf    leaf1   fold 1 seed 42: train=0.0089  held-out=0.0369  [10s]
  rf_leaf    leaf1   fold 1 seed 43: train=0.0088  held-out=0.0370  [10s]
  rf_leaf    leaf1   fold 1 seed 44: train=0.0088  held-out=0.0370  [10s]
  rf_leaf    leaf1   fold 2 seed 42: train=0.0097  held-out=0.0375  [10s]
  rf_leaf    leaf1   fold 2 seed 43: train=0.0097  held-out=0.0375  [10s]
  rf_leaf    leaf1   fold 2 seed 44: train=0.0096  held-out=0.0376  [10s]
  rf_leaf    leaf1   fold 3 seed 42: train=0.0093  held-out=0.0350  [10s]
  rf_leaf    leaf1   fold 3 seed 43: train=0.0092  held-out=0.0349  [10s]
  rf_leaf    leaf1   fold 3 seed 44: train=0.0092  held-out=0.0350  [10s]
  rf_leaf    leaf1   fold 4 seed 42: train=0.0096  held-out=0.0411  [10s]
  rf_leaf    leaf1   fold 4 seed 43: train=0.0097  held-out=0.0411  [10s]
  rf_leaf    leaf1   fold 4 seed 44: train=0.0096  held-out=0.0412  [10s]
  rf_leaf    leaf2   fold 0 seed 42: train=0.0164  held-out=0.0403  [8s]
  rf_leaf    leaf2   fold 0 seed 43: train=0.0163  held-out=0.0405  [8s]
  rf_leaf    leaf2   fold 0 seed 44: train=0.0163  held-out=0.0404  [9s]
  rf_leaf    leaf2   fold 1 seed 42: train=0.0149  held-out=0.0376  [9s]
  rf_leaf    leaf2   fold 1 seed 43: train=0.0147  held-out=0.0377  [9s]
  rf_leaf    leaf2   fold 1 seed 44: train=0.0148  held-out=0.0378  [8s]
  rf_leaf    leaf2   fold 2 seed 42: train=0.0162  held-out=0.0382  [8s]
  rf_leaf    leaf2   fold 2 seed 43: train=0.0162  held-out=0.0381  [8s]
  rf_leaf    leaf2   fold 2 seed 44: train=0.0160  held-out=0.0383  [9s]
  rf_leaf    leaf2   fold 3 seed 42: train=0.0154  held-out=0.0358  [9s]
  rf_leaf    leaf2   fold 3 seed 43: train=0.0153  held-out=0.0357  [9s]
  rf_leaf    leaf2   fold 3 seed 44: train=0.0153  held-out=0.0357  [9s]
  rf_leaf    leaf2   fold 4 seed 42: train=0.0159  held-out=0.0419  [9s]
  rf_leaf    leaf2   fold 4 seed 43: train=0.0160  held-out=0.0419  [9s]
  rf_leaf    leaf2   fold 4 seed 44: train=0.0159  held-out=0.0418  [9s]
  rf_leaf    leaf4   fold 0 seed 42: train=0.0238  held-out=0.0419  [9s]
  rf_leaf    leaf4   fold 0 seed 43: train=0.0238  held-out=0.0421  [8s]
  rf_leaf    leaf4   fold 0 seed 44: train=0.0238  held-out=0.0419  [9s]
  rf_leaf    leaf4   fold 1 seed 42: train=0.0218  held-out=0.0391  [8s]
  rf_leaf    leaf4   fold 1 seed 43: train=0.0217  held-out=0.0391  [9s]
  rf_leaf    leaf4   fold 1 seed 44: train=0.0217  held-out=0.0392  [9s]
  rf_leaf    leaf4   fold 2 seed 42: train=0.0234  held-out=0.0398  [8s]
  rf_leaf    leaf4   fold 2 seed 43: train=0.0235  held-out=0.0398  [8s]
  rf_leaf    leaf4   fold 2 seed 44: train=0.0234  held-out=0.0398  [8s]
  rf_leaf    leaf4   fold 3 seed 42: train=0.0224  held-out=0.0377  [8s]
  rf_leaf    leaf4   fold 3 seed 43: train=0.0223  held-out=0.0375  [8s]
  rf_leaf    leaf4   fold 3 seed 44: train=0.0223  held-out=0.0375  [9s]
  rf_leaf    leaf4   fold 4 seed 42: train=0.0233  held-out=0.0437  [9s]
  rf_leaf    leaf4   fold 4 seed 43: train=0.0233  held-out=0.0438  [9s]
  rf_leaf    leaf4   fold 4 seed 44: train=0.0234  held-out=0.0437  [9s]
  rf_leaf    leaf8   fold 0 seed 42: train=0.0316  held-out=0.0444  [8s]
  rf_leaf    leaf8   fold 0 seed 43: train=0.0315  held-out=0.0445  [10s]
  rf_leaf    leaf8   fold 0 seed 44: train=0.0315  held-out=0.0445  [10s]
  rf_leaf    leaf8   fold 1 seed 42: train=0.0293  held-out=0.0416  [8s]
  rf_leaf    leaf8   fold 1 seed 43: train=0.0292  held-out=0.0416  [10s]
  rf_leaf    leaf8   fold 1 seed 44: train=0.0293  held-out=0.0417  [9s]
  rf_leaf    leaf8   fold 2 seed 42: train=0.0312  held-out=0.0424  [8s]
  rf_leaf    leaf8   fold 2 seed 43: train=0.0312  held-out=0.0425  [8s]
  rf_leaf    leaf8   fold 2 seed 44: train=0.0313  held-out=0.0424  [8s]
  rf_leaf    leaf8   fold 3 seed 42: train=0.0297  held-out=0.0404  [8s]
  rf_leaf    leaf8   fold 3 seed 43: train=0.0297  held-out=0.0403  [8s]
  rf_leaf    leaf8   fold 3 seed 44: train=0.0297  held-out=0.0403  [9s]
  rf_leaf    leaf8   fold 4 seed 42: train=0.0309  held-out=0.0467  [9s]
  rf_leaf    leaf8   fold 4 seed 43: train=0.0310  held-out=0.0467  [9s]
  rf_leaf    leaf8   fold 4 seed 44: train=0.0310  held-out=0.0466  [9s]
  rf_leaf    leaf16  fold 0 seed 42: train=0.0396  held-out=0.0486  [9s]
  rf_leaf    leaf16  fold 0 seed 43: train=0.0395  held-out=0.0486  [9s]
  rf_leaf    leaf16  fold 0 seed 44: train=0.0394  held-out=0.0487  [8s]
  rf_leaf    leaf16  fold 1 seed 42: train=0.0371  held-out=0.0455  [8s]
  rf_leaf    leaf16  fold 1 seed 43: train=0.0371  held-out=0.0455  [9s]
  rf_leaf    leaf16  fold 1 seed 44: train=0.0371  held-out=0.0457  [10s]
  rf_leaf    leaf16  fold 2 seed 42: train=0.0393  held-out=0.0463  [8s]
  rf_leaf    leaf16  fold 2 seed 43: train=0.0395  held-out=0.0464  [9s]
  rf_leaf    leaf16  fold 2 seed 44: train=0.0394  held-out=0.0464  [8s]
  rf_leaf    leaf16  fold 3 seed 42: train=0.0380  held-out=0.0443  [8s]
  rf_leaf    leaf16  fold 3 seed 43: train=0.0379  held-out=0.0441  [8s]
  rf_leaf    leaf16  fold 3 seed 44: train=0.0380  held-out=0.0441  [8s]
  rf_leaf    leaf16  fold 4 seed 42: train=0.0389  held-out=0.0500  [8s]
  rf_leaf    leaf16  fold 4 seed 43: train=0.0389  held-out=0.0500  [8s]
  rf_leaf    leaf16  fold 4 seed 44: train=0.0390  held-out=0.0499  [8s]
  rf_leaf    leaf32  fold 0 seed 42: train=0.0474  held-out=0.0530  [8s]
  rf_leaf    leaf32  fold 0 seed 43: train=0.0474  held-out=0.0532  [8s]
  rf_leaf    leaf32  fold 0 seed 44: train=0.0473  held-out=0.0531  [8s]
  rf_leaf    leaf32  fold 1 seed 42: train=0.0451  held-out=0.0509  [8s]
  rf_leaf    leaf32  fold 1 seed 43: train=0.0450  held-out=0.0507  [10s]
  rf_leaf    leaf32  fold 1 seed 44: train=0.0451  held-out=0.0509  [10s]
  rf_leaf    leaf32  fold 2 seed 42: train=0.0472  held-out=0.0512  [11s]
  rf_leaf    leaf32  fold 2 seed 43: train=0.0472  held-out=0.0512  [14s]
  rf_leaf    leaf32  fold 2 seed 44: train=0.0472  held-out=0.0512  [12s]
  rf_leaf    leaf32  fold 3 seed 42: train=0.0465  held-out=0.0487  [10s]
  rf_leaf    leaf32  fold 3 seed 43: train=0.0466  held-out=0.0489  [11s]
  rf_leaf    leaf32  fold 3 seed 44: train=0.0465  held-out=0.0487  [10s]
  rf_leaf    leaf32  fold 4 seed 42: train=0.0471  held-out=0.0546  [11s]
  rf_leaf    leaf32  fold 4 seed 43: train=0.0472  held-out=0.0547  [11s]
  rf_leaf    leaf32  fold 4 seed 44: train=0.0472  held-out=0.0545  [10s]
  xgb_depth  md2     fold 0 seed 42: train=0.0402  held-out=0.0448  [25s]
  xgb_depth  md2     fold 0 seed 43: train=0.0401  held-out=0.0443  [23s]
  xgb_depth  md2     fold 0 seed 44: train=0.0403  held-out=0.0441  [25s]
  xgb_depth  md2     fold 1 seed 42: train=0.0388  held-out=0.0439  [23s]
  xgb_depth  md2     fold 1 seed 43: train=0.0391  held-out=0.0436  [24s]
  xgb_depth  md2     fold 1 seed 44: train=0.0393  held-out=0.0436  [24s]
  xgb_depth  md2     fold 2 seed 42: train=0.0382  held-out=0.0453  [23s]
  xgb_depth  md2     fold 2 seed 43: train=0.0384  held-out=0.0454  [23s]
  xgb_depth  md2     fold 2 seed 44: train=0.0386  held-out=0.0458  [23s]
  xgb_depth  md2     fold 3 seed 42: train=0.0375  held-out=0.0437  [25s]
  xgb_depth  md2     fold 3 seed 43: train=0.0379  held-out=0.0432  [25s]
  xgb_depth  md2     fold 3 seed 44: train=0.0376  held-out=0.0439  [24s]
  xgb_depth  md2     fold 4 seed 42: train=0.0396  held-out=0.0435  [25s]
  xgb_depth  md2     fold 4 seed 43: train=0.0397  held-out=0.0434  [24s]
  xgb_depth  md2     fold 4 seed 44: train=0.0399  held-out=0.0439  [24s]
  xgb_depth  md3     fold 0 seed 42: train=0.0336  held-out=0.0404  [36s]
  xgb_depth  md3     fold 0 seed 43: train=0.0335  held-out=0.0401  [35s]
  xgb_depth  md3     fold 0 seed 44: train=0.0340  held-out=0.0406  [35s]
  xgb_depth  md3     fold 1 seed 42: train=0.0322  held-out=0.0397  [33s]
  xgb_depth  md3     fold 1 seed 43: train=0.0323  held-out=0.0400  [35s]
  xgb_depth  md3     fold 1 seed 44: train=0.0322  held-out=0.0403  [36s]
  xgb_depth  md3     fold 2 seed 42: train=0.0320  held-out=0.0412  [39s]
  xgb_depth  md3     fold 2 seed 43: train=0.0322  held-out=0.0404  [36s]
  xgb_depth  md3     fold 2 seed 44: train=0.0322  held-out=0.0410  [35s]
  xgb_depth  md3     fold 3 seed 42: train=0.0315  held-out=0.0390  [35s]
  xgb_depth  md3     fold 3 seed 43: train=0.0321  held-out=0.0391  [36s]
  xgb_depth  md3     fold 3 seed 44: train=0.0319  held-out=0.0396  [36s]
  xgb_depth  md3     fold 4 seed 42: train=0.0332  held-out=0.0404  [40s]
  xgb_depth  md3     fold 4 seed 43: train=0.0331  held-out=0.0403  [39s]
  xgb_depth  md3     fold 4 seed 44: train=0.0333  held-out=0.0410  [36s]
  xgb_depth  md4     fold 0 seed 42: train=0.0267  held-out=0.0375  [56s]
  xgb_depth  md4     fold 0 seed 43: train=0.0269  held-out=0.0381  [56s]
  xgb_depth  md4     fold 0 seed 44: train=0.0272  held-out=0.0378  [53s]
  xgb_depth  md4     fold 1 seed 42: train=0.0255  held-out=0.0382  [55s]
  xgb_depth  md4     fold 1 seed 43: train=0.0256  held-out=0.0381  [55s]
  xgb_depth  md4     fold 1 seed 44: train=0.0256  held-out=0.0384  [57s]
  xgb_depth  md4     fold 2 seed 42: train=0.0258  held-out=0.0388  [54s]
  xgb_depth  md4     fold 2 seed 43: train=0.0259  held-out=0.0382  [54s]
  xgb_depth  md4     fold 2 seed 44: train=0.0260  held-out=0.0391  [51s]
  xgb_depth  md4     fold 3 seed 42: train=0.0252  held-out=0.0360  [53s]
  xgb_depth  md4     fold 3 seed 43: train=0.0253  held-out=0.0358  [51s]
  xgb_depth  md4     fold 3 seed 44: train=0.0255  held-out=0.0358  [51s]
  xgb_depth  md4     fold 4 seed 42: train=0.0265  held-out=0.0385  [52s]
  xgb_depth  md4     fold 4 seed 43: train=0.0267  held-out=0.0384  [52s]
  xgb_depth  md4     fold 4 seed 44: train=0.0266  held-out=0.0392  [50s]
  xgb_depth  md5     fold 0 seed 42: train=0.0201  held-out=0.0362  [96s]
  xgb_depth  md5     fold 0 seed 43: train=0.0198  held-out=0.0364  [75s]
  xgb_depth  md5     fold 0 seed 44: train=0.0205  held-out=0.0356  [73s]
  xgb_depth  md5     fold 1 seed 42: train=0.0190  held-out=0.0365  [73s]
  xgb_depth  md5     fold 1 seed 43: train=0.0190  held-out=0.0368  [74s]
  xgb_depth  md5     fold 1 seed 44: train=0.0189  held-out=0.0367  [69s]
  xgb_depth  md5     fold 2 seed 42: train=0.0193  held-out=0.0371  [68s]
  xgb_depth  md5     fold 2 seed 43: train=0.0192  held-out=0.0371  [66s]
  xgb_depth  md5     fold 2 seed 44: train=0.0193  held-out=0.0371  [67s]
  xgb_depth  md5     fold 3 seed 42: train=0.0183  held-out=0.0337  [65s]
  xgb_depth  md5     fold 3 seed 43: train=0.0183  held-out=0.0340  [67s]
  xgb_depth  md5     fold 3 seed 44: train=0.0185  held-out=0.0335  [69s]
  xgb_depth  md5     fold 4 seed 42: train=0.0201  held-out=0.0369  [70s]
  xgb_depth  md5     fold 4 seed 43: train=0.0199  held-out=0.0368  [70s]
  xgb_depth  md5     fold 4 seed 44: train=0.0197  held-out=0.0370  [66s]
  xgb_depth  md6     fold 0 seed 42: train=0.0140  held-out=0.0354  [141s]
  xgb_depth  md6     fold 0 seed 43: train=0.0136  held-out=0.0352  [142s]
  xgb_depth  md6     fold 0 seed 44: train=0.0138  held-out=0.0343  [144s]
  xgb_depth  md6     fold 1 seed 42: train=0.0130  held-out=0.0356  [140s]
  xgb_depth  md6     fold 1 seed 43: train=0.0132  held-out=0.0356  [142s]
  xgb_depth  md6     fold 1 seed 44: train=0.0132  held-out=0.0355  [148s]
  xgb_depth  md6     fold 2 seed 42: train=0.0134  held-out=0.0353  [140s]
  xgb_depth  md6     fold 2 seed 43: train=0.0132  held-out=0.0356  [141s]
  xgb_depth  md6     fold 2 seed 44: train=0.0133  held-out=0.0363  [145s]
  xgb_depth  md6     fold 3 seed 42: train=0.0123  held-out=0.0329  [142s]
  xgb_depth  md6     fold 3 seed 43: train=0.0126  held-out=0.0332  [140s]
  xgb_depth  md6     fold 3 seed 44: train=0.0124  held-out=0.0329  [148s]
  xgb_depth  md6     fold 4 seed 42: train=0.0136  held-out=0.0366  [142s]
  xgb_depth  md6     fold 4 seed 43: train=0.0137  held-out=0.0368  [141s]
  xgb_depth  md6     fold 4 seed 44: train=0.0137  held-out=0.0365  [141s]
  xgb_depth  md8     fold 0 seed 42: train=0.0043  held-out=0.0353  [453s]
  xgb_depth  md8     fold 0 seed 43: train=0.0043  held-out=0.0351  [448s]
  xgb_depth  md8     fold 0 seed 44: train=0.0044  held-out=0.0359  [451s]
  xgb_depth  md8     fold 1 seed 42: train=0.0042  held-out=0.0356  [440s]
  xgb_depth  md8     fold 1 seed 43: train=0.0043  held-out=0.0352  [452s]
  xgb_depth  md8     fold 1 seed 44: train=0.0043  held-out=0.0367  [445s]
  xgb_depth  md8     fold 2 seed 42: train=0.0042  held-out=0.0359  [452s]
  xgb_depth  md8     fold 2 seed 43: train=0.0043  held-out=0.0351  [446s]
  xgb_depth  md8     fold 2 seed 44: train=0.0042  held-out=0.0365  [456s]
  xgb_depth  md8     fold 3 seed 42: train=0.0041  held-out=0.0333  [450s]
  xgb_depth  md8     fold 3 seed 43: train=0.0040  held-out=0.0322  [449s]
  xgb_depth  md8     fold 3 seed 44: train=0.0040  held-out=0.0338  [451s]
  xgb_depth  md8     fold 4 seed 42: train=0.0043  held-out=0.0377  [451s]
  xgb_depth  md8     fold 4 seed 43: train=0.0042  held-out=0.0365  [447s]
  xgb_depth  md8     fold 4 seed 44: train=0.0044  held-out=0.0371  [451s]
  xgb_depth  md10    fold 0 seed 42: train=0.0008  held-out=0.0366  [1194s]
  xgb_depth  md10    fold 0 seed 43: train=0.0009  held-out=0.0365  [1176s]
  xgb_depth  md10    fold 0 seed 44: train=0.0009  held-out=0.0369  [1171s]
  xgb_depth  md10    fold 1 seed 42: train=0.0009  held-out=0.0369  [1161s]
  xgb_depth  md10    fold 1 seed 43: train=0.0008  held-out=0.0369  [1224s]
  xgb_depth  md10    fold 1 seed 44: train=0.0008  held-out=0.0396  [1222s]
  xgb_depth  md10    fold 2 seed 42: train=0.0009  held-out=0.0370  [1659s]
  xgb_depth  md10    fold 2 seed 43: train=0.0008  held-out=0.0365  [1443s]
  xgb_depth  md10    fold 2 seed 44: train=0.0008  held-out=0.0382  [1256s]
  xgb_depth  md10    fold 3 seed 42: train=0.0009  held-out=0.0354  [1240s]
  xgb_depth  md10    fold 3 seed 43: train=0.0008  held-out=0.0344  [1365s]
  xgb_depth  md10    fold 3 seed 44: train=0.0009  held-out=0.0364  [1380s]
  xgb_depth  md10    fold 4 seed 42: train=0.0008  held-out=0.0394  [1378s]
  xgb_depth  md10    fold 4 seed 43: train=0.0008  held-out=0.0388  [1385s]
  xgb_depth  md10    fold 4 seed 44: train=0.0009  held-out=0.0398  [1366s]

wrote results/l2_v2_results.json  [38307s]
