L2-v2 — 128x128, 64 modes, alpha 0.02 (240 clusters); 28/28 configurations complete on all folds

mlp_width: 7/7 configurations complete on all folds
  config     train c         held-out c    gap  x floor
  w16         0.0431     0.0439+-0.0006    1.0x   157.0x
  w32         0.0331     0.0352+-0.0010    1.1x   125.7x
  w64         0.0260     0.0298+-0.0009    1.1x   106.4x
  w128        0.0258     0.0305+-0.0006    1.2x   108.9x
  w256        0.0244     0.0306+-0.0010    1.3x   109.4x
  w512        0.0251     0.0311+-0.0004    1.2x   111.3x
  w1024       0.0245     0.0307+-0.0005    1.3x   109.9x
  shape: U-SHAPED, optimum at w64   best w64 = 0.0298   span/noise 20.0
  last step (w512 -> w1024): w1024 0.03074 vs w512 0.03112 | diff -0.0003866 CI [-0.0008745, +9.273e-05]  (CI includes zero — NO DIFFERENCE)  -> SATURATED
  MDE mlp_width w512 -> w1024: 240 clusters, base 0.0311, between sd 0.0032 (10 % of base), within sd 0.0074, alpha 0.02
     true effect   power
              0 %      5 %
              2 %     74 %
              5 %    100 %
             10 %    100 %
             20 %    100 %
    -> size at the null 5.0 % (the calibrated level targets 5 %)
    -> minimum detectable effect at 80 % power: 5 %
  largest vs smallest: w1024 0.03074 vs w16 0.0439 | diff -0.01317 CI [-0.01412, -0.0122]

mlp_depth: 8/8 configurations complete on all folds
  config     train c         held-out c    gap  x floor
  d1          0.0287     0.0332+-0.0003    1.2x   118.7x
  d2          0.0279     0.0335+-0.0001    1.2x   119.9x
  d3          0.0244     0.0306+-0.0010    1.3x   109.4x
  d4          0.0222     0.0282+-0.0011    1.3x   100.9x
  d5          0.0216     0.0270+-0.0010    1.2x    96.4x
  d6          0.0186     0.0248+-0.0011    1.3x    88.5x
  d8          0.0175     0.0241+-0.0006    1.4x    86.1x
  d10         0.0184     0.0247+-0.0011    1.3x    88.3x
  shape: U-SHAPED, optimum at d8   best d8 = 0.0241   span/noise 12.2
  last step (d8 -> d10): d10 0.02471 vs d8 0.0241 | diff +0.0006115 CI [+9.995e-05, +0.001107]  -> SATURATED
  MDE mlp_depth d8 -> d10: 240 clusters, base 0.0241, between sd 0.0033 (14 % of base), within sd 0.0098, alpha 0.02
     true effect   power
              0 %      5 %
              2 %     44 %
              5 %    100 %
             10 %    100 %
             20 %    100 %
    -> size at the null 5.0 % (the calibrated level targets 5 %)
    -> minimum detectable effect at 80 % power: 5 %
  largest vs smallest: d10 0.02471 vs d1 0.03319 | diff -0.008483 CI [-0.009466, -0.007456]

rf_leaf: 6/6 configurations complete on all folds
  config     train c         held-out c    gap  x floor
  leaf32      0.0467     0.0517+-0.0000    1.1x   184.8x
  leaf16      0.0386     0.0469+-0.0000    1.2x   167.8x
  leaf8       0.0305     0.0431+-0.0000    1.4x   154.2x
  leaf4       0.0229     0.0404+-0.0000    1.8x   144.6x
  leaf2       0.0157     0.0388+-0.0000    2.5x   138.7x
  leaf1       0.0094     0.0381+-0.0000    4.0x   136.1x
  shape: falls monotonically with capacity   best leaf1 = 0.0381   span/noise 784.4
  last step (leaf2 -> leaf1): leaf1 0.03807 vs leaf2 0.0388 | diff -0.0007369 CI [-0.0008635, -0.0006089]  -> STILL IMPROVING
  largest vs smallest: leaf1 0.03807 vs leaf32 0.0517 | diff -0.01363 CI [-0.01493, -0.01242]

xgb_depth: 7/7 configurations complete on all folds
  config     train c         held-out c    gap  x floor
  md2         0.0390     0.0442+-0.0001    1.1x   157.9x
  md3         0.0326     0.0402+-0.0002    1.2x   143.7x
  md4         0.0261     0.0379+-0.0001    1.5x   135.4x
  md5         0.0193     0.0361+-0.0001    1.9x   129.0x
  md6         0.0133     0.0352+-0.0001    2.7x   125.8x
  md8         0.0042     0.0355+-0.0005    8.4x   126.8x
  md10        0.0009     0.0373+-0.0006   43.8x   133.3x
  shape: U-SHAPED, optimum at md6   best md6 = 0.0352   span/noise 34.7
  last step (md8 -> md10): md10 0.03729 vs md8 0.03547 | diff +0.001816 CI [+0.001426, +0.002194]  -> SATURATED
  MDE xgb_depth md8 -> md10: 240 clusters, base 0.0355, between sd 0.0026 (7 % of base), within sd 0.0047, alpha 0.02
     true effect   power
              0 %      4 %
              2 %     95 %
              5 %    100 %
             10 %    100 %
             20 %    100 %
    -> size at the null 3.5 % (the calibrated level targets 5 %)
    -> minimum detectable effect at 80 % power: 2 %
  largest vs smallest: md10 0.03729 vs md2 0.04417 | diff -0.006881 CI [-0.008333, -0.00543]

================================================================================
CROSS-CONFIGURATION (post-hoc, descriptive — not the frozen rule)
================================================================================
  best (mlp_depth/d8) vs the L1 setting (mlp_depth/d3): mlp_depth/d8 0.0241 vs mlp_depth/d3 0.0306 | diff -0.006507 CI [-0.007255, -0.00573]   +21.3 % [+18.7, +23.7]
  mlp_width/w64 vs the L1 width (mlp_width/w256): mlp_width/w64 0.02975 vs mlp_width/w256 0.0306 | diff -0.0008511 CI [-0.001482, -0.0002497]   +2.8 % [+0.8, +4.8]
  best (mlp_depth/d8) vs mlp_width best (mlp_width/w64): mlp_depth/d8 0.0241 vs mlp_width/w64 0.02975 | diff -0.005656 CI [-0.006394, -0.004881]   +19.0 % [+16.4, +21.5]
  best (mlp_depth/d8) vs rf_leaf best (rf_leaf/leaf1): mlp_depth/d8 0.0241 vs rf_leaf/leaf1 0.03807 | diff -0.01397 CI [-0.01619, -0.01188]   +36.7 % [+31.2, +42.5]
  best (mlp_depth/d8) vs xgb_depth best (xgb_depth/md6): mlp_depth/d8 0.0241 vs xgb_depth/md6 0.03518 | diff -0.01108 CI [-0.01244, -0.009764]   +31.5 % [+27.8, +35.4]
  identity mlp_depth/d3 vs mlp_width/w256 (the same estimator): max |per-sample diff| 0.00e+00  means 0.03060 / 0.03060
  identity L1-v2 'mlp' vs mlp_depth/d3 (the same estimator, different runner): max |per-sample diff| 0.00e+00  means 0.03060 / 0.03060

================================================================================
L2-v2 VERDICT
================================================================================
  best configuration anywhere: mlp_depth/d8 = 0.0241 (86x the POD floor)
  NOT ELIMINATED: families still improving at their last step: ['rf_leaf']. Extend their sweeps.

wrote results/l2_v2_verdict.json
