loaded 988 samples from data/parametric
  fields (988, 3, 512, 256)  params (988, 11)
  splits {'train': 691, 'novel_condition': 96, 'novel_material': 201}
  materials: 60 (12 held out)
  design: legacy  params: ['q_max', 'delta_H', 'step_rh', 'isotherm_n', 'henry_fraction', 'k_LDF', 'rho_p', 'eps_t', 'rh_feed', 'v', 'T_in']

POD (64 modes/channel, train only) — identical to L1/L2:
  c: 64 modes capture 99.9880% of variance | modes for 90/99/99.9%: 3/11/32
  q: 64 modes capture 99.9899% of variance | modes for 90/99/99.9%: 2/8/27
  T: 64 modes capture 99.9822% of variance | modes for 90/99/99.9%: 3/13/36
POD floor (novel-material): 1.4554e-03

matched-parameter widths (depth 3, 11 -> 192):
  budget   50,000  mlp        width  114  params    49,668  (-0.7%)  lrs [0.1]
  budget   50,000  rbf_kan    width   45  params    49,737  (-0.5%)  lrs [0.1]
  budget   50,000  cheby_kan  width   48  params    50,496  (+1.0%)  lrs [0.1]
  budget  200,000  mlp        width  269  params   200,328  (+0.2%)  lrs [0.1]
  budget  200,000  rbf_kan    width   98  params   201,582  (+0.8%)  lrs [0.1]
  budget  200,000  cheby_kan  width  103  params   198,776  (-0.6%)  lrs [0.1]

    50,000 mlp        w114  lr1e-01 seed 42: train=0.0737  novel=0.0918  (best@425/2425)  [62s]
    50,000 mlp        w114  lr1e-01 seed 43: train=0.1054  novel=0.1162  (best@750/2750)  [83s]
    50,000 mlp        w114  lr1e-01 seed 44: train=0.1115  novel=0.1210  (best@375/2375)  [56s]
    50,000 rbf_kan    w45   lr1e-01 seed 42: train=0.1127  novel=0.1210  (best@100/2100)  [458s]
    50,000 rbf_kan    w45   lr1e-01 seed 43: train=0.1128  novel=0.1200  (best@5875/7875)  [616s]
    50,000 rbf_kan    w45   lr1e-01 seed 44: train=0.1127  novel=0.1207  (best@125/2125)  [347s]
    50,000 cheby_kan  w48   lr1e-01 seed 42: train=0.1473  novel=0.1336  (best@850/2850)  [83s]
    50,000 cheby_kan  w48   lr1e-01 seed 43: *** NEVER TRAINED — arm will be refused by the analyzer ***
    50,000 cheby_kan  w48   lr1e-01 seed 44: train=0.1127  novel=0.1208  (best@7000/9000)  [233s]
   200,000 mlp        w269  lr1e-01 seed 42: train=0.1126  novel=0.1210  (best@100/2100)  [107s]
   200,000 mlp        w269  lr1e-01 seed 43: train=0.1128  novel=0.1200  (best@100/2100)  [109s]
   200,000 mlp        w269  lr1e-01 seed 44: train=0.1127  novel=0.1208  (best@2825/4825)  [251s]
   200,000 rbf_kan    w98   lr1e-01 seed 42: train=0.1097  novel=0.1196  (best@175/2175)  [519s]
   200,000 rbf_kan    w98   lr1e-01 seed 43: train=0.1128  novel=0.1202  (best@625/2625)  [729s]
   200,000 rbf_kan    w98   lr1e-01 seed 44: train=0.1126  novel=0.1212  (best@875/2875)  [926s]
   200,000 cheby_kan  w103  lr1e-01 seed 42: train=0.1127  novel=0.1210  (best@9100/11100)  [1668s]
   200,000 cheby_kan  w103  lr1e-01 seed 43: train=0.6921  novel=0.7331  (best@75/2075)  [239s]
   200,000 cheby_kan  w103  lr1e-01 seed 44: train=0.5961  novel=0.6391  (best@1500/3500)  [359s]

wrote results/l3_cheby_1e-1.json  [6957s]
