loaded 988 samples from data/parametric
  fields (988, 3, 512, 256)  params (988, 11)
  splits {'train': 691, 'novel_condition': 96, 'novel_material': 201}
  materials: 60 (12 held out)

POD (64 modes/channel, train only) — identical to L1/L2:
  c: 64 modes capture 99.9881% of variance | modes for 90/99/99.9%: 3/11/32
  q: 64 modes capture 99.9899% of variance | modes for 90/99/99.9%: 2/8/27
  T: 64 modes capture 99.9822% of variance | modes for 90/99/99.9%: 3/13/36
POD floor (novel-material): 1.4554e-03

matched-parameter widths (depth 3, 11 -> 192):
  budget   50,000  mlp        width  114  params    49,668  (-0.7%)  lrs [0.003, 0.001]
  budget   50,000  rbf_kan    width   45  params    49,737  (-0.5%)  lrs [0.003, 0.001]
  budget   50,000  cheby_kan  width   48  params    50,496  (+1.0%)  lrs [0.003, 0.001]
  budget  200,000  mlp        width  269  params   200,328  (+0.2%)  lrs [0.003, 0.001]
  budget  200,000  rbf_kan    width   98  params   201,582  (+0.8%)  lrs [0.003, 0.001]
  budget  200,000  cheby_kan  width  103  params   198,776  (-0.6%)  lrs [0.003, 0.001]
  budget  800,000  mlp        width  583  params   800,068  (+0.0%)  lrs [0.003, 0.001]
  budget  800,000  rbf_kan    width  203  params   801,027  (+0.1%)  lrs [0.003, 0.001]
  budget  800,000  cheby_kan  width  215  params   799,992  (-0.0%)  lrs [0.003, 0.001]

    50,000 mlp        w114  lr3e-03 seed 42: train=0.0636  novel=0.0645  (best@25/425)  [11s]
    50,000 mlp        w114  lr3e-03 seed 43: train=0.0647  novel=0.0635  (best@25/425)  [8s]
    50,000 mlp        w114  lr3e-03 seed 44: train=0.0548  novel=0.0593  (best@50/450)  [8s]
    50,000 mlp        w114  lr1e-03 seed 42: train=0.0586  novel=0.0584  (best@75/475)  [8s]
    50,000 mlp        w114  lr1e-03 seed 43: train=0.0600  novel=0.0589  (best@75/475)  [8s]
    50,000 mlp        w114  lr1e-03 seed 44: train=0.0541  novel=0.0581  (best@100/500)  [8s]
    50,000 rbf_kan    w45   lr3e-03 seed 42: train=0.0555  novel=0.0733  (best@50/450)  [10s]
    50,000 rbf_kan    w45   lr3e-03 seed 43: train=0.0626  novel=0.0757  (best@50/450)  [11s]
    50,000 rbf_kan    w45   lr3e-03 seed 44: train=0.0585  novel=0.0814  (best@50/450)  [11s]
    50,000 rbf_kan    w45   lr1e-03 seed 42: train=0.0664  novel=0.0815  (best@75/475)  [13s]
    50,000 rbf_kan    w45   lr1e-03 seed 43: train=0.0618  novel=0.0737  (best@100/500)  [12s]
    50,000 rbf_kan    w45   lr1e-03 seed 44: train=0.0572  novel=0.0825  (best@100/500)  [15s]
    50,000 cheby_kan  w48   lr3e-03 seed 42: train=0.0931  novel=0.1283  (best@25/425)  [15s]
    50,000 cheby_kan  w48   lr3e-03 seed 43: train=0.0951  novel=0.1204  (best@25/425)  [15s]
    50,000 cheby_kan  w48   lr3e-03 seed 44: train=0.0881  novel=0.1252  (best@25/425)  [14s]
    50,000 cheby_kan  w48   lr1e-03 seed 42: train=0.1063  novel=0.1211  (best@25/425)  [13s]
    50,000 cheby_kan  w48   lr1e-03 seed 43: train=0.1084  novel=0.1199  (best@25/425)  [11s]
    50,000 cheby_kan  w48   lr1e-03 seed 44: train=0.1014  novel=0.1252  (best@25/425)  [11s]
   200,000 mlp        w269  lr3e-03 seed 42: train=0.0529  novel=0.0546  (best@25/425)  [11s]
   200,000 mlp        w269  lr3e-03 seed 43: train=0.0552  novel=0.0561  (best@25/425)  [10s]
   200,000 mlp        w269  lr3e-03 seed 44: train=0.0558  novel=0.0621  (best@25/425)  [10s]
   200,000 mlp        w269  lr1e-03 seed 42: train=0.0532  novel=0.0546  (best@50/450)  [11s]
   200,000 mlp        w269  lr1e-03 seed 43: train=0.0547  novel=0.0560  (best@50/450)  [11s]
   200,000 mlp        w269  lr1e-03 seed 44: train=0.0466  novel=0.0613  (best@75/475)  [11s]
   200,000 rbf_kan    w98   lr3e-03 seed 42: train=0.0471  novel=0.0723  (best@50/450)  [19s]
   200,000 rbf_kan    w98   lr3e-03 seed 43: train=0.0636  novel=0.0742  (best@25/425)  [15s]
   200,000 rbf_kan    w98   lr3e-03 seed 44: train=0.0481  novel=0.0847  (best@50/450)  [18s]
   200,000 rbf_kan    w98   lr1e-03 seed 42: train=0.0469  novel=0.0739  (best@75/475)  [16s]
   200,000 rbf_kan    w98   lr1e-03 seed 43: train=0.0550  novel=0.0757  (best@50/450)  [15s]
   200,000 rbf_kan    w98   lr1e-03 seed 44: train=0.0583  novel=0.0835  (best@50/450)  [16s]
   200,000 cheby_kan  w103  lr3e-03 seed 42: train=0.1178  novel=0.1290  (best@0/400)  [14s]
   200,000 cheby_kan  w103  lr3e-03 seed 43: train=0.1230  novel=0.1194  (best@0/400)  [14s]
   200,000 cheby_kan  w103  lr3e-03 seed 44: train=0.1182  novel=0.1305  (best@0/400)  [14s]
   200,000 cheby_kan  w103  lr1e-03 seed 42: train=0.1156  novel=0.1340  (best@0/400)  [14s]
   200,000 cheby_kan  w103  lr1e-03 seed 43: train=0.1157  novel=0.1231  (best@0/400)  [14s]
   200,000 cheby_kan  w103  lr1e-03 seed 44: train=0.1140  novel=0.1230  (best@0/400)  [14s]
   800,000 mlp        w583  lr3e-03 seed 42: train=0.1049  novel=0.1137  (best@0/400)  [17s]
   800,000 mlp        w583  lr3e-03 seed 43: train=0.1052  novel=0.1128  (best@0/400)  [19s]
   800,000 mlp        w583  lr3e-03 seed 44: train=0.0264  novel=0.0653  (best@50/450)  [27s]
   800,000 mlp        w583  lr1e-03 seed 42: train=0.0565  novel=0.0588  (best@25/425)  [33s]
   800,000 mlp        w583  lr1e-03 seed 43: train=0.0554  novel=0.0577  (best@25/425)  [25s]
   800,000 mlp        w583  lr1e-03 seed 44: train=0.0302  novel=0.0632  (best@75/475)  [20s]
   800,000 rbf_kan    w203  lr3e-03 seed 42: train=0.0436  novel=0.0710  (best@50/450)  [63s]
   800,000 rbf_kan    w203  lr3e-03 seed 43: train=0.0437  novel=0.0698  (best@50/450)  [61s]
   800,000 rbf_kan    w203  lr3e-03 seed 44: train=0.0455  novel=0.0718  (best@50/450)  [61s]
   800,000 rbf_kan    w203  lr1e-03 seed 42: train=0.0452  novel=0.0712  (best@50/450)  [26s]
   800,000 rbf_kan    w203  lr1e-03 seed 43: train=0.0460  novel=0.0717  (best@50/450)  [24s]
   800,000 rbf_kan    w203  lr1e-03 seed 44: train=0.0425  novel=0.0747  (best@50/450)  [24s]
   800,000 cheby_kan  w215  lr3e-03 seed 42: train=0.0801  novel=0.1086  (best@25/425)  [22s]
   800,000 cheby_kan  w215  lr3e-03 seed 43: train=0.0700  novel=0.1194  (best@25/425)  [22s]
   800,000 cheby_kan  w215  lr3e-03 seed 44: train=0.0772  novel=0.1080  (best@25/425)  [22s]
   800,000 cheby_kan  w215  lr1e-03 seed 42: train=0.1170  novel=0.1248  (best@0/400)  [21s]
   800,000 cheby_kan  w215  lr1e-03 seed 43: train=0.1135  novel=0.1310  (best@0/400)  [21s]
   800,000 cheby_kan  w215  lr1e-03 seed 44: train=0.1186  novel=0.1387  (best@0/400)  [21s]

wrote results/l3_results.json  [1014s]
