loaded 988 samples from data/parametric
  fields (988, 3, 512, 256)  params (988, 11)
  splits {'train': 691, 'novel_condition': 96, 'novel_material': 201}
  materials: 60 (12 held out)

POD (64 modes/channel, train only) — identical to L1/L2:
  c: 64 modes capture 99.9880% of variance | modes for 90/99/99.9%: 3/11/32
  q: 64 modes capture 99.9899% of variance | modes for 90/99/99.9%: 2/8/27
  T: 64 modes capture 99.9822% of variance | modes for 90/99/99.9%: 3/13/36
POD floor (novel-material): 1.4554e-03

matched-parameter widths (depth 3, 11 -> 192):
  budget   50,000  mlp        width  114  params    49,668  (-0.7%)  lrs [0.01, 0.003, 0.001, 0.0003, 0.0001]
  budget   50,000  rbf_kan    width   45  params    49,737  (-0.5%)  lrs [0.01, 0.003, 0.001, 0.0003, 0.0001]
  budget   50,000  cheby_kan  width   48  params    50,496  (+1.0%)  lrs [0.01, 0.003, 0.001, 0.0003, 0.0001]
  budget  200,000  mlp        width  269  params   200,328  (+0.2%)  lrs [0.01, 0.003, 0.001, 0.0003, 0.0001]
  budget  200,000  rbf_kan    width   98  params   201,582  (+0.8%)  lrs [0.01, 0.003, 0.001, 0.0003, 0.0001]
  budget  200,000  cheby_kan  width  103  params   198,776  (-0.6%)  lrs [0.01, 0.003, 0.001, 0.0003, 0.0001]
  budget  800,000  mlp        width  583  params   800,068  (+0.0%)  lrs [0.01, 0.003, 0.001, 0.0003, 0.0001]
  budget  800,000  rbf_kan    width  203  params   801,027  (+0.1%)  lrs [0.01, 0.003, 0.001, 0.0003, 0.0001]
  budget  800,000  cheby_kan  width  215  params   799,992  (-0.0%)  lrs [0.01, 0.003, 0.001, 0.0003, 0.0001]

    50,000 mlp        w114  lr1e-02 seed 42: train=0.0543  novel=0.0584  (best@25/2025)  [289s]
    50,000 mlp        w114  lr1e-02 seed 43: train=0.0566  novel=0.0585  (best@25/2025)  [126s]
    50,000 mlp        w114  lr1e-02 seed 44: train=0.0558  novel=0.0608  (best@25/2025)  [117s]
    50,000 mlp        w114  lr3e-03 seed 42: train=0.0636  novel=0.0645  (best@25/2025)  [204s]
    50,000 mlp        w114  lr3e-03 seed 43: train=0.0647  novel=0.0636  (best@25/2025)  [268s]
    50,000 mlp        w114  lr3e-03 seed 44: train=0.0548  novel=0.0593  (best@50/2050)  [291s]
    50,000 mlp        w114  lr1e-03 seed 42: train=0.0586  novel=0.0584  (best@75/2075)  [143s]
    50,000 mlp        w114  lr1e-03 seed 43: train=0.0600  novel=0.0589  (best@75/2075)  [244s]
    50,000 mlp        w114  lr1e-03 seed 44: train=0.0541  novel=0.0581  (best@100/2100)  [292s]
    50,000 mlp        w114  lr3e-04 seed 42: train=0.0574  novel=0.0574  (best@200/2200)  [275s]
    50,000 mlp        w114  lr3e-04 seed 43: train=0.0593  novel=0.0581  (best@200/2200)  [328s]
    50,000 mlp        w114  lr3e-04 seed 44: train=0.0517  novel=0.0570  (best@275/2275)  [365s]
    50,000 mlp        w114  lr1e-04 seed 42: train=0.0560  novel=0.0565  (best@575/2575)  [222s]
    50,000 mlp        w114  lr1e-04 seed 43: train=0.0580  novel=0.0571  (best@600/2600)  [204s]
    50,000 mlp        w114  lr1e-04 seed 44: train=0.0514  novel=0.0563  (best@750/2750)  [223s]
    50,000 rbf_kan    w45   lr1e-02 seed 42: train=0.0575  novel=0.0812  (best@50/2050)  [509s]
    50,000 rbf_kan    w45   lr1e-02 seed 43: train=0.0628  novel=0.0794  (best@50/2050)  [668s]
    50,000 rbf_kan    w45   lr1e-02 seed 44: train=0.0642  novel=0.0900  (best@50/2050)  [307s]
    50,000 rbf_kan    w45   lr3e-03 seed 42: train=0.0555  novel=0.0733  (best@50/2050)  [209s]
    50,000 rbf_kan    w45   lr3e-03 seed 43: train=0.0626  novel=0.0757  (best@50/2050)  [258s]
    50,000 rbf_kan    w45   lr3e-03 seed 44: train=0.0585  novel=0.0814  (best@50/2050)  [215s]
    50,000 rbf_kan    w45   lr1e-03 seed 42: train=0.0664  novel=0.0815  (best@75/2075)  [276s]
    50,000 rbf_kan    w45   lr1e-03 seed 43: train=0.0618  novel=0.0737  (best@100/2100)  [281s]
    50,000 rbf_kan    w45   lr1e-03 seed 44: train=0.0572  novel=0.0825  (best@100/2100)  [319s]
    50,000 rbf_kan    w45   lr3e-04 seed 42: train=0.0659  novel=0.0820  (best@200/2200)  [261s]
    50,000 rbf_kan    w45   lr3e-04 seed 43: train=0.0635  novel=0.0737  (best@250/2250)  [202s]
    50,000 rbf_kan    w45   lr3e-04 seed 44: train=0.0562  novel=0.0810  (best@275/2275)  [127s]
    50,000 rbf_kan    w45   lr1e-04 seed 42: train=0.0672  novel=0.0834  (best@525/2525)  [181s]
    50,000 rbf_kan    w45   lr1e-04 seed 43: train=0.0635  novel=0.0736  (best@675/2675)  [155s]
    50,000 rbf_kan    w45   lr1e-04 seed 44: train=0.0555  novel=0.0804  (best@775/2775)  [241s]
    50,000 cheby_kan  w48   lr1e-02 seed 42: train=0.0833  novel=0.1158  (best@25/2025)  [126s]
    50,000 cheby_kan  w48   lr1e-02 seed 43: train=0.0843  novel=0.1102  (best@25/2025)  [119s]
    50,000 cheby_kan  w48   lr1e-02 seed 44: train=0.0805  novel=0.1306  (best@25/2025)  [114s]
    50,000 cheby_kan  w48   lr3e-03 seed 42: train=0.0931  novel=0.1284  (best@25/2025)  [117s]
    50,000 cheby_kan  w48   lr3e-03 seed 43: train=0.0951  novel=0.1204  (best@25/2025)  [118s]
    50,000 cheby_kan  w48   lr3e-03 seed 44: train=0.0881  novel=0.1252  (best@25/2025)  [140s]
    50,000 cheby_kan  w48   lr1e-03 seed 42: train=0.1063  novel=0.1211  (best@25/2025)  [137s]
    50,000 cheby_kan  w48   lr1e-03 seed 43: train=0.1084  novel=0.1199  (best@25/2025)  [143s]
    50,000 cheby_kan  w48   lr1e-03 seed 44: train=0.1014  novel=0.1252  (best@25/2025)  [143s]
    50,000 cheby_kan  w48   lr3e-04 seed 42: train=0.1090  novel=0.1204  (best@50/2050)  [170s]
    50,000 cheby_kan  w48   lr3e-04 seed 43: train=0.1108  novel=0.1205  (best@50/2050)  [130s]
    50,000 cheby_kan  w48   lr3e-04 seed 44: train=0.1045  novel=0.1269  (best@50/2050)  [88s]
    50,000 cheby_kan  w48   lr1e-04 seed 42: train=0.1093  novel=0.1207  (best@125/2125)  [141s]
    50,000 cheby_kan  w48   lr1e-04 seed 43: train=0.1112  novel=0.1207  (best@125/2125)  [135s]
    50,000 cheby_kan  w48   lr1e-04 seed 44: train=0.1051  novel=0.1280  (best@125/2125)  [134s]
   200,000 mlp        w269  lr1e-02 seed 42: *** NEVER TRAINED — arm will be refused by the analyzer ***
   200,000 mlp        w269  lr1e-02 seed 43: *** NEVER TRAINED — arm will be refused by the analyzer ***
   200,000 mlp        w269  lr1e-02 seed 44: train=0.0430  novel=0.0666  (best@25/2025)  [125s]
   200,000 mlp        w269  lr3e-03 seed 42: train=0.0529  novel=0.0546  (best@25/2025)  [206s]
   200,000 mlp        w269  lr3e-03 seed 43: train=0.0552  novel=0.0561  (best@25/2025)  [223s]
   200,000 mlp        w269  lr3e-03 seed 44: train=0.0558  novel=0.0621  (best@25/2025)  [303s]
   200,000 mlp        w269  lr1e-03 seed 42: train=0.0532  novel=0.0546  (best@50/2050)  [663s]
   200,000 mlp        w269  lr1e-03 seed 43: train=0.0547  novel=0.0560  (best@50/2050)  [428s]
   200,000 mlp        w269  lr1e-03 seed 44: train=0.0466  novel=0.0613  (best@75/2075)  [514s]
   200,000 mlp        w269  lr3e-04 seed 42: train=0.0567  novel=0.0571  (best@100/2100)  [556s]
   200,000 mlp        w269  lr3e-04 seed 43: train=0.0535  novel=0.0551  (best@125/2125)  [497s]
   200,000 mlp        w269  lr3e-04 seed 44: train=0.0430  novel=0.0594  (best@200/2200)  [241s]
   200,000 mlp        w269  lr1e-04 seed 42: train=0.0547  novel=0.0554  (best@275/2275)  [288s]
   200,000 mlp        w269  lr1e-04 seed 43: train=0.0557  novel=0.0562  (best@275/2275)  [257s]
   200,000 mlp        w269  lr1e-04 seed 44: train=0.0397  novel=0.0603  (best@575/2575)  [273s]
   200,000 rbf_kan    w98   lr1e-02 seed 42: train=0.0567  novel=0.0673  (best@50/2050)  [645s]
   200,000 rbf_kan    w98   lr1e-02 seed 43: train=0.0555  novel=0.0699  (best@50/2050)  [671s]
   200,000 rbf_kan    w98   lr1e-02 seed 44: train=0.0562  novel=0.0737  (best@50/2050)  [488s]
   200,000 rbf_kan    w98   lr3e-03 seed 42: train=0.0471  novel=0.0723  (best@50/2050)  [301s]
   200,000 rbf_kan    w98   lr3e-03 seed 43: train=0.0636  novel=0.0742  (best@25/2025)  [387s]
   200,000 rbf_kan    w98   lr3e-03 seed 44: train=0.0481  novel=0.0847  (best@50/2050)  [442s]
   200,000 rbf_kan    w98   lr1e-03 seed 42: train=0.0469  novel=0.0739  (best@75/2075)  [272s]
   200,000 rbf_kan    w98   lr1e-03 seed 43: train=0.0550  novel=0.0757  (best@50/2050)  [344s]
   200,000 rbf_kan    w98   lr1e-03 seed 44: train=0.0583  novel=0.0835  (best@50/2050)  [342s]
   200,000 rbf_kan    w98   lr3e-04 seed 42: train=0.0468  novel=0.0753  (best@175/2175)  [180s]
   200,000 rbf_kan    w98   lr3e-04 seed 43: train=0.0510  novel=0.0754  (best@150/2150)  [198s]
   200,000 rbf_kan    w98   lr3e-04 seed 44: train=0.0524  novel=0.0821  (best@150/2150)  [160s]
   200,000 rbf_kan    w98   lr1e-04 seed 42: train=0.0462  novel=0.0758  (best@450/2450)  [296s]
   200,000 rbf_kan    w98   lr1e-04 seed 43: train=0.0519  novel=0.0759  (best@350/2350)  [514s]
   200,000 rbf_kan    w98   lr1e-04 seed 44: train=0.0524  novel=0.0814  (best@375/2375)  [553s]
   200,000 cheby_kan  w103  lr1e-02 seed 42: train=0.0901  novel=0.1289  (best@50/2050)  [534s]
   200,000 cheby_kan  w103  lr1e-02 seed 43: train=0.0960  novel=0.1102  (best@50/2050)  [541s]
   200,000 cheby_kan  w103  lr1e-02 seed 44: train=0.0866  novel=0.1244  (best@50/2050)  [132s]
   200,000 cheby_kan  w103  lr3e-03 seed 42: *** NEVER TRAINED — arm will be refused by the analyzer ***
   200,000 cheby_kan  w103  lr3e-03 seed 43: *** NEVER TRAINED — arm will be refused by the analyzer ***
   200,000 cheby_kan  w103  lr3e-03 seed 44: *** NEVER TRAINED — arm will be refused by the analyzer ***
   200,000 cheby_kan  w103  lr1e-03 seed 42: *** NEVER TRAINED — arm will be refused by the analyzer ***
   200,000 cheby_kan  w103  lr1e-03 seed 43: *** NEVER TRAINED — arm will be refused by the analyzer ***
