L4b-v2 — bounded ParametricPINN 114,435 params, 8000 steps, alpha 0.02

==========================================================================================
[time] 11/11 arms complete; failed: none; abandoned data fit (seen > 3x data-only): ['pi_fixed_w1e-1', 'pi_fixed_w1', 'pi_gradnorm_t10', 'pi_sa']
==========================================================================================
  arm                    seen     held  sd(seeds)  w_pde final
  data_only            0.0145   0.0131     0.0014     0.00e+00
  pi_fixed_w1e-4       0.0141   0.0146     0.0020     1.00e-04
  pi_fixed_w1e-3       0.0164   0.0204     0.0010     1.00e-03
  pi_fixed_w1e-2       0.0280   0.0446     0.0057     1.00e-02
  pi_fixed_w1e-1       0.0563   0.0823     0.0026     1.00e-01
  pi_fixed_w1          0.0842   0.1118     0.0037     1.00e+00
  pi_gradnorm_t0.1     0.0173   0.0160     0.0018     8.14e-06
  pi_gradnorm_t1.0     0.0182   0.0181     0.0018     2.12e-04
  pi_gradnorm_t10      0.0633   0.1113     0.0034     8.77e-01
  pi_ntk               0.0289   0.0305     0.0013     7.78e-05
  pi_sa                0.1679   0.1020     0.0078     5.28e+00
    data_only 0.0131 vs pi_fixed_w1e-4 0.01462 | diff -0.001524 CI [-0.002018, -0.001056]
    data_only 0.0131 vs pi_fixed_w1e-3 0.02042 | diff -0.007321 CI [-0.008543, -0.00612]
    data_only 0.0131 vs pi_fixed_w1e-2 0.04459 | diff -0.03149 CI [-0.03494, -0.02798]
    data_only 0.0131 vs pi_gradnorm_t0.1 0.01602 | diff -0.002928 CI [-0.003426, -0.002452]
    data_only 0.0131 vs pi_gradnorm_t1.0 0.01808 | diff -0.004983 CI [-0.005638, -0.004356]
    data_only 0.0131 vs pi_ntk 0.03045 | diff -0.01736 CI [-0.01884, -0.01594]

  best physics arm (chosen on HELD-OUT error, generous to physics): pi_fixed_w1e-4 = 0.0146
  ⚠ fixed-weight optimum pi_fixed_w1e-4 sits on the sweep edge — extend before a verdict (PREREG §4.2)
  VERDICT [time]: PHYSICS IS WORSE AT EVERY WEIGHTING SCHEME TESTED (fixed over four decades, gradient-norm at three targets, NTK, self-adaptive) — the legacy claim stands, now defended.

  Q4 polish: data_only+lbfgs 0.01129 vs pi_fixed_w1e-4+lbfgs 0.01366 | diff -0.002368 CI [-0.002831, -0.001916]
  -> ordering unchanged under L-BFGS polish (data_only 0.0113, pi_fixed_w1e-4 0.0137)

==========================================================================================
[material] 11/11 arms complete; failed: none; abandoned data fit (seen > 3x data-only): ['pi_fixed_w1e-1', 'pi_fixed_w1', 'pi_gradnorm_t10', 'pi_sa']
==========================================================================================
  arm                    seen     held  sd(seeds)  w_pde final
  data_only            0.0137   0.0231     0.0022     0.00e+00
  pi_fixed_w1e-4       0.0135   0.0227     0.0026     1.00e-04
  pi_fixed_w1e-3       0.0170   0.0252     0.0004     1.00e-03
  pi_fixed_w1e-2       0.0324   0.0374     0.0012     1.00e-02
  pi_fixed_w1e-1       0.0798   0.0812     0.0009     1.00e-01
  pi_fixed_w1          0.0896   0.0856     0.0015     1.00e+00
  pi_gradnorm_t0.1     0.0166   0.0243     0.0015     1.37e-05
  pi_gradnorm_t1.0     0.0181   0.0252     0.0009     3.80e-04
  pi_gradnorm_t10      0.0936   0.0921     0.0040     9.37e-01
  pi_ntk               0.0305   0.0343     0.0023     8.60e-05
  pi_sa                0.1461   0.1427     0.0060     5.17e+00
    data_only 0.02314 vs pi_fixed_w1e-4 0.02265 | diff +0.000491 CI [-9.294e-05, +0.001145]  (CI includes zero — NO DIFFERENCE)
    data_only 0.02314 vs pi_fixed_w1e-3 0.02525 | diff -0.002106 CI [-0.002935, -0.001216]
    data_only 0.02314 vs pi_fixed_w1e-2 0.0374 | diff -0.01425 CI [-0.01698, -0.01151]
    data_only 0.02314 vs pi_gradnorm_t0.1 0.02428 | diff -0.00114 CI [-0.002049, -0.0001384]
    data_only 0.02314 vs pi_gradnorm_t1.0 0.02518 | diff -0.00204 CI [-0.003196, -0.0007719]
    data_only 0.02314 vs pi_ntk 0.03426 | diff -0.01112 CI [-0.01271, -0.009427]

  best physics arm (chosen on HELD-OUT error, generous to physics): pi_fixed_w1e-4 = 0.0227
  ⚠ fixed-weight optimum pi_fixed_w1e-4 sits on the sweep edge — extend before a verdict (PREREG §4.2)
  VERDICT [material]: NO DIFFERENCE between data_only and the best physics arm pi_fixed_w1e-4; the legacy 'hurts' claim is WITHDRAWN.

  Q4 polish: data_only+lbfgs 0.02735 vs pi_fixed_w1e-4+lbfgs 0.02532 | diff +0.002028 CI [+0.001136, +0.003131]
  -> ordering CHANGES under L-BFGS polish (data_only 0.0273, pi_fixed_w1e-4 0.0253)

  Q3 [time] data_only: data_only before 0.0131 vs data_only after refinement 0.0707 | diff -0.0576 CI [-0.06518, -0.05052]
     seen-window/materials 0.0145 -> 0.1032 (+610.9 %)   ⚠ seen error rose > 10 % — anchor insufficient (PREREG §4.3)
     -> physics at inference makes transfer WORSE

  Q3 [time] pi_fixed_w1e-4: pi_fixed_w1e-4 before 0.01462 vs pi_fixed_w1e-4 after refinement 0.09449 | diff -0.07987 CI [-0.09008, -0.07009]
     seen-window/materials 0.0141 -> 0.1071 (+661.9 %)   ⚠ seen error rose > 10 % — anchor insufficient (PREREG §4.3)
     -> physics at inference makes transfer WORSE

  Q3 [material] data_only: data_only before 0.02314 vs data_only after refinement 0.1163 | diff -0.09312 CI [-0.1057, -0.08199]
     seen-window/materials 0.0231 -> 0.1163 (+402.3 %)   ⚠ seen error rose > 10 % — anchor insufficient (PREREG §4.3)
     -> physics at inference makes transfer WORSE

  Q3 [material] pi_fixed_w1e-4: pi_fixed_w1e-4 before 0.02265 vs pi_fixed_w1e-4 after refinement 0.1695 | diff -0.1468 CI [-0.1704, -0.1241]
     seen-window/materials 0.0227 -> 0.1695 (+648.1 %)   ⚠ seen error rose > 10 % — anchor insufficient (PREREG §4.3)
     -> physics at inference makes transfer WORSE

wrote results/l4b_v2_verdict.json
