loaded c-channel (3947, 16384)  (259 MB), 240 materials, params ['q_max', 'delta_H', 'step_rh', 'isotherm_n', 'henry_fraction', 'd_p', 'rho_p', 'eps_t', 'rh_feed', 'v', 'T_in']
folds 5 (seed 20260901); min per-sample range 0.9991
  p=   8 fold 0 seed 42: floor 0.00592  coef-pred 0.03388 (hgb)  modes R2>0.2: 8/8  [36s]
  p=   8 fold 0 seed 43: floor 0.00592  coef-pred 0.03475 (hgb)  modes R2>0.2: 8/8  [27s]
  p=   8 fold 0 seed 44: floor 0.00592  coef-pred 0.03511 (hgb)  modes R2>0.2: 8/8  [28s]
  p=   8 fold 1 seed 42: floor 0.00659  coef-pred 0.03617 (hgb)  modes R2>0.2: 8/8  [26s]
  p=   8 fold 1 seed 43: floor 0.00659  coef-pred 0.03640 (hgb)  modes R2>0.2: 8/8  [25s]
  p=   8 fold 1 seed 44: floor 0.00659  coef-pred 0.03595 (hgb)  modes R2>0.2: 8/8  [25s]
  p=   8 fold 2 seed 42: floor 0.00654  coef-pred 0.03497 (hgb)  modes R2>0.2: 8/8  [25s]
  p=   8 fold 2 seed 43: floor 0.00654  coef-pred 0.03561 (hgb)  modes R2>0.2: 8/8  [25s]
  p=   8 fold 2 seed 44: floor 0.00654  coef-pred 0.03502 (hgb)  modes R2>0.2: 8/8  [32s]
  p=   8 fold 3 seed 42: floor 0.00630  coef-pred 0.03336 (hgb)  modes R2>0.2: 8/8  [26s]
  p=   8 fold 3 seed 43: floor 0.00630  coef-pred 0.03277 (hgb)  modes R2>0.2: 8/8  [23s]
  p=   8 fold 3 seed 44: floor 0.00630  coef-pred 0.03271 (hgb)  modes R2>0.2: 8/8  [30s]
  p=   8 fold 4 seed 42: floor 0.00623  coef-pred 0.03695 (hgb)  modes R2>0.2: 8/8  [28s]
  p=   8 fold 4 seed 43: floor 0.00623  coef-pred 0.03672 (hgb)  modes R2>0.2: 8/8  [31s]
  p=   8 fold 4 seed 44: floor 0.00623  coef-pred 0.03708 (hgb)  modes R2>0.2: 8/8  [28s]
  p=  16 fold 0 seed 42: floor 0.00250  coef-pred 0.03362 (hgb)  modes R2>0.2: 15/16  [50s]
  p=  16 fold 0 seed 43: floor 0.00250  coef-pred 0.03448 (hgb)  modes R2>0.2: 15/16  [40s]
  p=  16 fold 0 seed 44: floor 0.00250  coef-pred 0.03481 (hgb)  modes R2>0.2: 16/16  [45s]
  p=  16 fold 1 seed 42: floor 0.00271  coef-pred 0.03583 (hgb)  modes R2>0.2: 13/16  [37s]
  p=  16 fold 1 seed 43: floor 0.00271  coef-pred 0.03606 (hgb)  modes R2>0.2: 12/16  [39s]
  p=  16 fold 1 seed 44: floor 0.00271  coef-pred 0.03560 (hgb)  modes R2>0.2: 13/16  [40s]
  p=  16 fold 2 seed 42: floor 0.00280  coef-pred 0.03468 (hgb)  modes R2>0.2: 11/16  [40s]
  p=  16 fold 2 seed 43: floor 0.00280  coef-pred 0.03535 (hgb)  modes R2>0.2: 11/16  [45s]
  p=  16 fold 2 seed 44: floor 0.00280  coef-pred 0.03474 (hgb)  modes R2>0.2: 11/16  [50s]
  p=  16 fold 3 seed 42: floor 0.00272  coef-pred 0.03310 (hgb)  modes R2>0.2: 13/16  [39s]
  p=  16 fold 3 seed 43: floor 0.00272  coef-pred 0.03249 (hgb)  modes R2>0.2: 14/16  [36s]
  p=  16 fold 3 seed 44: floor 0.00272  coef-pred 0.03244 (hgb)  modes R2>0.2: 13/16  [47s]
  p=  16 fold 4 seed 42: floor 0.00264  coef-pred 0.03671 (hgb)  modes R2>0.2: 14/16  [47s]
  p=  16 fold 4 seed 43: floor 0.00264  coef-pred 0.03644 (hgb)  modes R2>0.2: 13/16  [45s]
  p=  16 fold 4 seed 44: floor 0.00264  coef-pred 0.03682 (hgb)  modes R2>0.2: 14/16  [44s]
  p=  32 fold 0 seed 42: floor 0.00086  coef-pred 0.03361 (hgb)  modes R2>0.2: 17/32  [73s]
  p=  32 fold 0 seed 43: floor 0.00086  coef-pred 0.03444 (hgb)  modes R2>0.2: 19/32  [63s]
  p=  32 fold 0 seed 44: floor 0.00086  coef-pred 0.03479 (hgb)  modes R2>0.2: 18/32  [66s]
  p=  32 fold 1 seed 42: floor 0.00095  coef-pred 0.03580 (hgb)  modes R2>0.2: 16/32  [55s]
  p=  32 fold 1 seed 43: floor 0.00095  coef-pred 0.03601 (hgb)  modes R2>0.2: 18/32  [59s]
  p=  32 fold 1 seed 44: floor 0.00095  coef-pred 0.03556 (hgb)  modes R2>0.2: 17/32  [61s]
  p=  32 fold 2 seed 42: floor 0.00100  coef-pred 0.03465 (hgb)  modes R2>0.2: 13/32  [59s]
  p=  32 fold 2 seed 43: floor 0.00100  coef-pred 0.03531 (hgb)  modes R2>0.2: 14/32  [61s]
  p=  32 fold 2 seed 44: floor 0.00100  coef-pred 0.03473 (hgb)  modes R2>0.2: 14/32  [64s]
  p=  32 fold 3 seed 42: floor 0.00098  coef-pred 0.03304 (hgb)  modes R2>0.2: 15/32  [54s]
  p=  32 fold 3 seed 43: floor 0.00098  coef-pred 0.03243 (hgb)  modes R2>0.2: 16/32  [53s]
  p=  32 fold 3 seed 44: floor 0.00098  coef-pred 0.03241 (hgb)  modes R2>0.2: 15/32  [62s]
  p=  32 fold 4 seed 42: floor 0.00092  coef-pred 0.03668 (hgb)  modes R2>0.2: 17/32  [55s]
  p=  32 fold 4 seed 43: floor 0.00092  coef-pred 0.03642 (hgb)  modes R2>0.2: 17/32  [65s]
  p=  32 fold 4 seed 44: floor 0.00092  coef-pred 0.03680 (hgb)  modes R2>0.2: 18/32  [56s]
  p=  64 fold 0 seed 42: floor 0.00026  coef-pred 0.03356 (hgb)  modes R2>0.2: 17/64  [92s]
  p=  64 fold 0 seed 43: floor 0.00026  coef-pred 0.03448 (hgb)  modes R2>0.2: 19/64  [85s]
  p=  64 fold 0 seed 44: floor 0.00026  coef-pred 0.03478 (hgb)  modes R2>0.2: 18/64  [83s]
  p=  64 fold 1 seed 42: floor 0.00027  coef-pred 0.03580 (hgb)  modes R2>0.2: 16/64  [75s]
  p=  64 fold 1 seed 43: floor 0.00027  coef-pred 0.03603 (hgb)  modes R2>0.2: 18/64  [75s]
  p=  64 fold 1 seed 44: floor 0.00027  coef-pred 0.03557 (hgb)  modes R2>0.2: 17/64  [75s]
  p=  64 fold 2 seed 42: floor 0.00030  coef-pred 0.03466 (hgb)  modes R2>0.2: 13/64  [76s]
  p=  64 fold 2 seed 43: floor 0.00030  coef-pred 0.03507 (hgb)  modes R2>0.2: 14/64  [79s]
  p=  64 fold 2 seed 44: floor 0.00030  coef-pred 0.03475 (hgb)  modes R2>0.2: 14/64  [79s]
  p=  64 fold 3 seed 42: floor 0.00030  coef-pred 0.03305 (hgb)  modes R2>0.2: 15/64  [76s]
  p=  64 fold 3 seed 43: floor 0.00030  coef-pred 0.03242 (hgb)  modes R2>0.2: 16/64  [76s]
  p=  64 fold 3 seed 44: floor 0.00030  coef-pred 0.03241 (hgb)  modes R2>0.2: 15/64  [84s]
  p=  64 fold 4 seed 42: floor 0.00027  coef-pred 0.03669 (hgb)  modes R2>0.2: 18/64  [85s]
  p=  64 fold 4 seed 43: floor 0.00027  coef-pred 0.03642 (hgb)  modes R2>0.2: 18/64  [90s]
  p=  64 fold 4 seed 44: floor 0.00027  coef-pred 0.03675 (hgb)  modes R2>0.2: 19/64  [83s]
  p= 128 fold 0 seed 42: floor 0.00006  coef-pred 0.03360 (hgb)  modes R2>0.2: 18/128  [114s]
  p= 128 fold 0 seed 43: floor 0.00006  coef-pred 0.03444 (hgb)  modes R2>0.2: 20/128  [116s]
  p= 128 fold 0 seed 44: floor 0.00006  coef-pred 0.03477 (hgb)  modes R2>0.2: 20/128  [111s]
  p= 128 fold 1 seed 42: floor 0.00007  coef-pred 0.03581 (hgb)  modes R2>0.2: 17/128  [103s]
  p= 128 fold 1 seed 43: floor 0.00007  coef-pred 0.03604 (hgb)  modes R2>0.2: 19/128  [114s]
  p= 128 fold 1 seed 44: floor 0.00007  coef-pred 0.03557 (hgb)  modes R2>0.2: 18/128  [122s]
  p= 128 fold 2 seed 42: floor 0.00008  coef-pred 0.03468 (hgb)  modes R2>0.2: 13/128  [120s]
  p= 128 fold 2 seed 43: floor 0.00008  coef-pred 0.03532 (hgb)  modes R2>0.2: 14/128  [121s]
  p= 128 fold 2 seed 44: floor 0.00008  coef-pred 0.03472 (hgb)  modes R2>0.2: 14/128  [124s]
  p= 128 fold 3 seed 42: floor 0.00008  coef-pred 0.03305 (hgb)  modes R2>0.2: 15/128  [116s]
  p= 128 fold 3 seed 43: floor 0.00008  coef-pred 0.03241 (hgb)  modes R2>0.2: 16/128  [124s]
  p= 128 fold 3 seed 44: floor 0.00008  coef-pred 0.03243 (hgb)  modes R2>0.2: 15/128  [120s]
  p= 128 fold 4 seed 42: floor 0.00006  coef-pred 0.03667 (hgb)  modes R2>0.2: 20/128  [118s]
  p= 128 fold 4 seed 43: floor 0.00006  coef-pred 0.03642 (hgb)  modes R2>0.2: 20/128  [130s]
  p= 128 fold 4 seed 44: floor 0.00006  coef-pred 0.03679 (hgb)  modes R2>0.2: 21/128  [122s]
  [pooled] p=   8  floor 0.00631  coef-pred 0.03516  (6x the floor)  modes R2>0.2 8.0
  [pooled] p=  16  floor 0.00267  coef-pred 0.03488  (13x the floor)  modes R2>0.2 13.2
  [pooled] p=  32  floor 0.00094  coef-pred 0.03484  (37x the floor)  modes R2>0.2 16.3
  [pooled] p=  64  floor 0.00028  coef-pred 0.03483  (125x the floor)  modes R2>0.2 16.5
  [pooled] p= 128  floor 0.00007  coef-pred 0.03485  (495x the floor)  modes R2>0.2 17.3

  coefficient map p=8 vs p=128: diff +0.00032 CI [+0.00028, +0.00035] SIGNIFICANT

wrote results/l5_bottleneck_v2.json  [5076s]
