loaded 988 samples from data/parametric
  fields (988, 3, 512, 256)  params (988, 11)
  splits {'train': 691, 'novel_condition': 96, 'novel_material': 201}
  materials: 60 (12 held out)
  design: legacy  params: ['q_max', 'delta_H', 'step_rh', 'isotherm_n', 'henry_fraction', 'k_LDF', 'rho_p', 'eps_t', 'rh_feed', 'v', 'T_in']

frozen encoding 128x128; fields (988, 3, 128, 128)
budget ~200,000 params, 8000 steps — identical to run_l5.py

  modes   4: width  28, 205,243 params (+2.6%)
    modes=  4 w28  lr3e-03 seed 42: train=0.0095 novel=0.0225 [6632s]
    modes=  4 w28  lr3e-03 seed 43: train=0.0096 novel=0.0217 [17855s]
    modes=  4 w28  lr3e-03 seed 44: train=0.0089 novel=0.0205 [7569s]
    modes=  4 w28  lr1e-03 seed 42: train=0.0171 novel=0.0222 [7020s]
    modes=  4 w28  lr1e-03 seed 43: train=0.0171 novel=0.0261 [7229s]
    modes=  4 w28  lr1e-03 seed 44: train=0.0151 novel=0.0216 [6668s]
  modes   8: width  14, 201,995 params (+1.0%)
    modes=  8 w14  lr3e-03 seed 42: train=0.0165 novel=0.0246 [8492s]
    modes=  8 w14  lr3e-03 seed 43: train=0.0167 novel=0.0247 [5476s]
    modes=  8 w14  lr3e-03 seed 44: train=0.0151 novel=0.0246 [7919s]
    modes=  8 w14  lr1e-03 seed 42: train=0.0259 novel=0.0288 [4644s]
    modes=  8 w14  lr1e-03 seed 43: train=0.0309 novel=0.0296 [51543s]
    modes=  8 w14  lr1e-03 seed 44: train=0.0256 novel=0.0288 [3568s]
  modes  16: width   7, 201,106 params (+0.6%)
    modes= 16 w7   lr3e-03 seed 42: train=0.0256 novel=0.0281 [3062s]
    modes= 16 w7   lr3e-03 seed 43: train=0.0241 novel=0.0259 [4518s]
    modes= 16 w7   lr3e-03 seed 44: train=0.0272 novel=0.0291 [16164s]
    modes= 16 w7   lr1e-03 seed 42: train=0.0451 novel=0.0442 [1826s]
    modes= 16 w7   lr1e-03 seed 43: train=0.0371 novel=0.0389 [1394s]
    modes= 16 w7   lr1e-03 seed 44: train=0.0434 novel=0.0425 [1425s]

wrote results/l5_fno.json  [163012s]
