loaded 988 samples from data/parametric
  fields (988, 3, 512, 256)  params (988, 11)
  splits {'train': 691, 'novel_condition': 96, 'novel_material': 201}
  materials: 60 (12 held out)

frozen encoding 128x128; fields (988, 3, 128, 128); coords (16384, 2)

POD floor at each p (the n-width bound on ANY linear reconstruction):
  p=   8  novel-material 0.01440
  p=  16  novel-material 0.00731
  p=  32  novel-material 0.00331
  p=  64  novel-material 0.00135
  p= 128  novel-material 0.00050

  deeponet  p=   8 w216  lr1e-03 seed 42: train=0.0116 novel=0.0286 [298s]
  deeponet  p=   8 w216  lr1e-03 seed 43: train=0.0119 novel=0.0284 [279s]
  deeponet  p=   8 w216  lr1e-03 seed 44: train=0.0122 novel=0.0274 [256s]
  deeponet  p=   8 w216  lr3e-04 seed 42: train=0.0235 novel=0.0369 [235s]
  deeponet  p=   8 w216  lr3e-04 seed 43: train=0.0227 novel=0.0338 [237s]
  deeponet  p=   8 w216  lr3e-04 seed 44: train=0.0228 novel=0.0378 [242s]
  deeponet  p=   8 w216  lr1e-04 seed 42: train=0.0463 novel=0.0475 [231s]
  deeponet  p=   8 w216  lr1e-04 seed 43: train=0.0458 novel=0.0467 [229s]
  deeponet  p=   8 w216  lr1e-04 seed 44: train=0.0466 novel=0.0491 [229s]
  deeponet  p=  16 w210  lr1e-03 seed 42: train=0.0115 novel=0.0302 [249s]
  deeponet  p=  16 w210  lr1e-03 seed 43: train=0.0113 novel=0.0273 [236s]
  deeponet  p=  16 w210  lr1e-03 seed 44: train=0.0116 novel=0.0302 [241s]
  deeponet  p=  16 w210  lr3e-04 seed 42: train=0.0226 novel=0.0376 [237s]
  deeponet  p=  16 w210  lr3e-04 seed 43: train=0.0229 novel=0.0408 [259s]
  deeponet  p=  16 w210  lr3e-04 seed 44: train=0.0226 novel=0.0381 [242s]
  deeponet  p=  16 w210  lr1e-04 seed 42: train=0.0459 novel=0.0487 [237s]
  deeponet  p=  16 w210  lr1e-04 seed 43: train=0.0451 novel=0.0486 [253s]
  deeponet  p=  16 w210  lr1e-04 seed 44: train=0.0465 novel=0.0499 [241s]
  deeponet  p=  32 w198  lr1e-03 seed 42: train=0.0115 novel=0.0298 [243s]
  deeponet  p=  32 w198  lr1e-03 seed 43: train=0.0121 novel=0.0306 [248s]
  deeponet  p=  32 w198  lr1e-03 seed 44: train=0.0113 novel=0.0268 [258s]
  deeponet  p=  32 w198  lr3e-04 seed 42: train=0.0236 novel=0.0350 [243s]
  deeponet  p=  32 w198  lr3e-04 seed 43: train=0.0244 novel=0.0387 [242s]
  deeponet  p=  32 w198  lr3e-04 seed 44: train=0.0237 novel=0.0339 [243s]
  deeponet  p=  32 w198  lr1e-04 seed 42: train=0.0478 novel=0.0496 [258s]
  deeponet  p=  32 w198  lr1e-04 seed 43: train=0.0463 novel=0.0475 [247s]
  deeponet  p=  32 w198  lr1e-04 seed 44: train=0.0465 novel=0.0468 [238s]
  deeponet  p=  64 w178  lr1e-03 seed 42: train=0.0125 novel=0.0313 [254s]
  deeponet  p=  64 w178  lr1e-03 seed 43: train=0.0123 novel=0.0302 [245s]
  deeponet  p=  64 w178  lr1e-03 seed 44: train=0.0119 novel=0.0273 [246s]
  deeponet  p=  64 w178  lr3e-04 seed 42: train=0.0277 novel=0.0372 [242s]
  deeponet  p=  64 w178  lr3e-04 seed 43: train=0.0265 novel=0.0373 [258s]
  deeponet  p=  64 w178  lr3e-04 seed 44: train=0.0249 novel=0.0365 [245s]
  deeponet  p=  64 w178  lr1e-04 seed 42: train=0.0504 novel=0.0515 [246s]
  deeponet  p=  64 w178  lr1e-04 seed 43: train=0.0478 novel=0.0497 [240s]
  deeponet  p=  64 w178  lr1e-04 seed 44: train=0.0477 novel=0.0501 [255s]
  deeponet  p= 128 w146  lr1e-03 seed 42: train=0.0137 novel=0.0294 [243s]
  deeponet  p= 128 w146  lr1e-03 seed 43: train=0.0132 novel=0.0305 [287s]
  deeponet  p= 128 w146  lr1e-03 seed 44: train=0.0135 novel=0.0289 [272s]
  deeponet  p= 128 w146  lr3e-04 seed 42: train=0.0344 novel=0.0410 [250s]
  deeponet  p= 128 w146  lr3e-04 seed 43: train=0.0308 novel=0.0417 [252s]
  deeponet  p= 128 w146  lr3e-04 seed 44: train=0.0282 novel=0.0379 [259s]
  deeponet  p= 128 w146  lr1e-04 seed 42: train=0.0508 novel=0.0504 [256s]
  deeponet  p= 128 w146  lr1e-04 seed 43: train=0.0510 novel=0.0550 [252s]
  deeponet  p= 128 w146  lr1e-04 seed 44: train=0.0500 novel=0.0518 [260s]
  deepokan  p=   8 w92   lr1e-03 seed 42: train=0.0173 novel=0.0370 [515s]
  deepokan  p=   8 w92   lr1e-03 seed 43: train=0.0181 novel=0.0404 [484s]
  deepokan  p=   8 w92   lr1e-03 seed 44: train=0.0155 novel=0.0401 [502s]
  deepokan  p=   8 w92   lr3e-04 seed 42: train=0.0371 novel=0.0500 [571s]
  deepokan  p=   8 w92   lr3e-04 seed 43: train=0.0345 novel=0.0526 [371s]
  deepokan  p=   8 w92   lr3e-04 seed 44: train=0.0344 novel=0.0504 [362s]
  deepokan  p=   8 w92   lr1e-04 seed 42: train=0.0643 novel=0.0719 [387s]
  deepokan  p=   8 w92   lr1e-04 seed 43: train=0.0639 novel=0.0727 [394s]
  deepokan  p=   8 w92   lr1e-04 seed 44: train=0.0644 novel=0.0697 [420s]
  deepokan  p=  16 w88   lr1e-03 seed 42: train=0.0179 novel=0.0354 [430s]
  deepokan  p=  16 w88   lr1e-03 seed 43: train=0.0258 novel=0.0394 [432s]
  deepokan  p=  16 w88   lr1e-03 seed 44: train=0.0173 novel=0.0322 [412s]
  deepokan  p=  16 w88   lr3e-04 seed 42: train=0.0366 novel=0.0446 [430s]
  deepokan  p=  16 w88   lr3e-04 seed 43: train=0.0374 novel=0.0546 [422s]
  deepokan  p=  16 w88   lr3e-04 seed 44: train=0.0359 novel=0.0457 [429s]
  deepokan  p=  16 w88   lr1e-04 seed 42: train=0.0678 novel=0.0708 [429s]
  deepokan  p=  16 w88   lr1e-04 seed 43: train=0.0629 novel=0.0725 [451s]
  deepokan  p=  16 w88   lr1e-04 seed 44: train=0.0634 novel=0.0671 [418s]
  deepokan  p=  32 w78   lr1e-03 seed 42: train=0.2899 novel=0.3321 [450s]
  deepokan  p=  32 w78   lr1e-03 seed 43: train=0.0195 novel=0.0395 [440s]
  deepokan  p=  32 w78   lr1e-03 seed 44: train=0.0180 novel=0.0337 [464s]
  deepokan  p=  32 w78   lr3e-04 seed 42: train=0.0395 novel=0.0512 [414s]
  deepokan  p=  32 w78   lr3e-04 seed 43: train=0.0411 novel=0.0546 [413s]
  deepokan  p=  32 w78   lr3e-04 seed 44: train=0.0383 novel=0.0436 [407s]
  deepokan  p=  32 w78   lr1e-04 seed 42: train=0.0717 novel=0.0776 [407s]
  deepokan  p=  32 w78   lr1e-04 seed 43: train=0.0695 novel=0.0743 [434s]
  deepokan  p=  32 w78   lr1e-04 seed 44: train=0.0685 novel=0.0701 [409s]
  deepokan  p=  64 w62   lr1e-03 seed 42: train=0.2899 novel=0.3321 [448s]
  deepokan  p=  64 w62   lr1e-03 seed 43: train=0.2899 novel=0.3321 [582s]
  deepokan  p=  64 w62   lr1e-03 seed 44: train=0.2899 novel=0.3321 [485s]
  deepokan  p=  64 w62   lr3e-04 seed 42: train=0.0565 novel=0.0634 [367s]
  deepokan  p=  64 w62   lr3e-04 seed 43: train=0.2899 novel=0.3321 [390s]
  deepokan  p=  64 w62   lr3e-04 seed 44: train=0.0496 novel=0.0577 [376s]
  deepokan  p=  64 w62   lr1e-04 seed 42: train=0.0760 novel=0.0835 [383s]
  deepokan  p=  64 w62   lr1e-04 seed 43: train=0.0760 novel=0.0802 [372s]
  deepokan  p=  64 w62   lr1e-04 seed 44: train=0.0746 novel=0.0816 [379s]
  deepokan  p= 128 w42   lr1e-03 seed 42: train=0.2899 novel=0.3321 [464s]
  deepokan  p= 128 w42   lr1e-03 seed 43: train=0.2899 novel=0.3321 [532s]
  deepokan  p= 128 w42   lr1e-03 seed 44: train=0.2899 novel=0.3321 [486s]
  deepokan  p= 128 w42   lr3e-04 seed 42: train=0.2899 novel=0.3321 [472s]
  deepokan  p= 128 w42   lr3e-04 seed 43: train=0.0641 novel=0.0684 [491s]
  deepokan  p= 128 w42   lr3e-04 seed 44: train=0.2899 novel=0.3321 [1289s]
  deepokan  p= 128 w42   lr1e-04 seed 42: train=0.0818 novel=0.0868 [2196s]
  deepokan  p= 128 w42   lr1e-04 seed 43: train=0.0836 novel=0.0860 [1572s]
  deepokan  p= 128 w42   lr1e-04 seed 44: train=0.0873 novel=0.0923 [1561s]

wrote results/l5_results.json  [35821s]
